2019-01-02 17:12:39.113 25575-29915/com.cypress.cysmart D/CYSMART:  , [Bootloader Service|Bootloader Data Characteristic] Write request status - Success
2019-01-02 17:12:39.131 25575-25575/com.cypress.cysmart I/CySmart Android: CYRET_SUCCESS
2019-01-02 17:12:39.136 25575-25575/com.cypress.cysmart E/CySmart Android: OTAVerifyRowCmd
2019-01-02 17:12:39.146 25575-25575/com.cypress.cysmart V/CYSMART:  , [Bootloader Service|Bootloader Data Characteristic] Write request sent with value , [ 01 3A 03 00 01 B4 01 0C FF 17  ]
2019-01-02 17:12:39.165 25575-29915/com.cypress.cysmart D/CYSMART:  , [Bootloader Service|Bootloader Data Characteristic] Write request status - Success
2019-01-02 17:12:39.177 25575-25575/com.cypress.cysmart I/CySmart Android: CYRET_SUCCESS

2019-01-02 17:12:39.189 25575-25575/com.cypress.cysmart E/CySmart Android: Row: 224Start Pos: 0mStartRow: 13959168mEndRow: 33488896Row No:28639232
2019-01-02 17:12:39.189 25575-25575/com.cypress.cysmart E/CySmart Android: Array id: 1 Shared Array id: 1
2019-01-02 17:12:39.189 25575-25575/com.cypress.cysmart E/CySmart Android: OTAProgramRowCmd send size--->138
2019-01-02 17:12:39.201 25575-25575/com.cypress.cysmart V/CYSMART:  , [Bootloader Service|Bootloader Data Characteristic] Write request sent with value , [ 01 39 83 00 01 B5 01 10 22 13 40 1B 09 DB B2 18 00 BD 46 80 BD C0 46 04 03 04 40 80 B5 84 B0 00 AF 02 00 FB 1D 1A 70 0D 4B 1B 68 DA B2 0F 23 FB 18 7F 21 0A 40 1A 70 FB 1D 1B 78 DB 01 D9 B2 0F 23 FB 18 0F 22 BA 18 12 78 0A 43 1A 70 04 4B 0F 22 BA 18 12 78 1A 60 C0 46 BD 46 04 B0 80 BD 00 03 04 40 80 B5 00 AF 00 F0 6E F8 C0 46 BD 46 80 BD C0 46 80 B5 00 AF 06 4B 06 4A 12 68 80 21 09 06 0A 43 1A 60 00 F0 93 D2 17  ]
2019-01-02 17:12:39.403 25575-25594/com.cypress.cysmart D/CYSMART:  , [Bootloader Service|Bootloader Data Characteristic] Write request status - Success
2019-01-02 17:12:39.424 25575-25575/com.cypress.cysmart I/CySmart Android: CYRET_SUCCESS
2019-01-02 17:12:39.426 25575-25575/com.cypress.cysmart E/CySmart Android: OTAVerifyRowCmd
2019-01-02 17:12:39.430 25575-25575/com.cypress.cysmart V/CYSMART:  , [Bootloader Service|Bootloader Data Characteristic] Write request sent with value , [ 01 3A 03 00 01 B5 01 0B FF 17  ]
2019-01-02 17:12:39.455 25575-25594/com.cypress.cysmart D/CYSMART:  , [Bootloader Service|Bootloader Data Characteristic] Write request status - Success
2019-01-02 17:12:39.463 25575-25575/com.cypress.cysmart I/CySmart Android: CYRET_SUCCESS

2019-01-02 17:12:39.471 25575-25575/com.cypress.cysmart E/CySmart Android: Row: 225Start Pos: 0mStartRow: 13959168mEndRow: 33488896Row No:28704768
2019-01-02 17:12:39.471 25575-25575/com.cypress.cysmart E/CySmart Android: Array id: 1 Shared Array id: 1
2019-01-02 17:12:39.471 25575-25575/com.cypress.cysmart E/CySmart Android: OTAProgramRowCmd send size--->138
2019-01-02 17:12:39.484 25575-25575/com.cypress.cysmart V/CYSMART:  , [Bootloader Service|Bootloader Data Characteristic] Write request sent with value , [ 01 39 83 00 01 B6 01 19 F8 00 F0 1F F8 C0 46 BD 46 80 BD 00 00 25 40 80 B5 00 AF 06 4B 1B 78 00 2B 04 D1 FF F7 DE FF 03 4B 01 22 1A 70 FF F7 E1 FF C0 46 BD 46 80 BD 30 29 00 20 80 B5 00 AF 0A 20 00 F0 29 FC C0 46 BD 46 80 BD 80 B5 00 AF 00 F0 9A F8 C0 46 BD 46 80 BD C0 46 80 B5 82 B0 00 AF 00 23 7B 60 04 4B 1B 68 7B 60 7B 68 18 00 BD 46 02 B0 80 BD C0 46 40 03 25 40 80 B5 82 B0 00 AF 05 4B 1B 68 1F 22 FC C7 17  ]
2019-01-02 17:12:39.696 25575-29915/com.cypress.cysmart D/CYSMART:  , [Bootloader Service|Bootloader Data Characteristic] Write request status - Success
2019-01-02 17:12:39.719 25575-25575/com.cypress.cysmart I/CySmart Android: CYRET_SUCCESS
2019-01-02 17:12:39.721 25575-25575/com.cypress.cysmart E/CySmart Android: OTAVerifyRowCmd
2019-01-02 17:12:39.729 25575-25575/com.cypress.cysmart V/CYSMART:  , [Bootloader Service|Bootloader Data Characteristic] Write request sent with value , [ 01 3A 03 00 01 B6 01 0A FF 17  ]
2019-01-02 17:12:39.749 25575-29915/com.cypress.cysmart D/CYSMART:  , [Bootloader Service|Bootloader Data Characteristic] Write request status - Success
2019-01-02 17:12:39.760 25575-25575/com.cypress.cysmart I/CySmart Android: CYRET_SUCCESS

2019-01-02 17:12:39.769 25575-25575/com.cypress.cysmart E/CySmart Android: Row: 226Start Pos: 0mStartRow: 13959168mEndRow: 33488896Row No:28770304
2019-01-02 17:12:39.769 25575-25575/com.cypress.cysmart E/CySmart Android: Array id: 1 Shared Array id: 1
2019-01-02 17:12:39.769 25575-25575/com.cypress.cysmart E/CySmart Android: OTAProgramRowCmd send size--->138
2019-01-02 17:12:39.776 25575-25575/com.cypress.cysmart V/CYSMART:  , [Bootloader Service|Bootloader Data Characteristic] Write request sent with value , [ 01 39 83 00 01 B7 01 13 40 7B 60 7B 68 18 00 BD 46 02 B0 80 BD C0 46 08 03 25 40 80 B5 82 B0 00 AF 78 60 C0 46 06 4B 1B 68 1F 22 13 40 08 2B F9 D0 04 4B 7A 68 1A 60 C0 46 BD 46 02 B0 80 BD 08 02 25 40 40 02 25 40 80 B5 00 AF 1D 4B 1E 4A 1A 60 1E 4B 1E 4A 1A 60 1E 4B 1F 4A 1A 60 1F 4B 07 22 1A 60 1E 4B 1C 4A 1A 60 1E 4B 00 22 1A 60 0A 20 00 F0 E7 FB 03 21 0A 20 00 F0 79 FB 1A 4B 19 00 0A 20 00 F0 4E FB 39 D7 17  ]
2019-01-02 17:12:39.979 25575-25594/com.cypress.cysmart D/CYSMART:  , [Bootloader Service|Bootloader Data Characteristic] Write request status - Success
2019-01-02 17:12:40.011 25575-25575/com.cypress.cysmart I/CySmart Android: CYRET_SUCCESS
2019-01-02 17:12:40.021 25575-25575/com.cypress.cysmart E/CySmart Android: OTAVerifyRowCmd
2019-01-02 17:12:40.035 25575-25575/com.cypress.cysmart V/CYSMART:  , [Bootloader Service|Bootloader Data Characteristic] Write request sent with value , [ 01 3A 03 00 01 B7 01 09 FF 17  ]
2019-01-02 17:12:40.061 25575-29915/com.cypress.cysmart D/CYSMART:  , [Bootloader Service|Bootloader Data Characteristic] Write request status - Success
2019-01-02 17:12:40.074 25575-25575/com.cypress.cysmart I/CySmart Android: CYRET_SUCCESS

2019-01-02 17:12:40.081 25575-25575/com.cypress.cysmart E/CySmart Android: Row: 227Start Pos: 0mStartRow: 13959168mEndRow: 33488896Row No:28835840
2019-01-02 17:12:40.081 25575-25575/com.cypress.cysmart E/CySmart Android: Array id: 1 Shared Array id: 1
2019-01-02 17:12:40.081 25575-25575/com.cypress.cysmart E/CySmart Android: OTAProgramRowCmd send size--->138
2019-01-02 17:12:40.089 25575-25575/com.cypress.cysmart V/CYSMART:  , [Bootloader Service|Bootloader Data Characteristic] Write request sent with value , [ 01 39 83 00 01 B8 01 18 4B 00 22 1A 60 18 4B 00 22 1A 60 17 4B 00 22 1A 60 17 4B 00 22 1A 60 16 4B 00 22 1A 60 16 4B 00 22 1A 60 14 4B 1B 68 9A B2 14 4B 1A 80 00 20 00 F0 3C F8 C0 46 BD 46 80 BD C0 46 00 00 25 40 0B 00 00 01 20 00 25 40 0D 00 00 80 00 03 25 40 07 01 00 80 04 03 25 40 00 02 25 40 04 02 25 40 E9 DC 01 00 88 0E 25 40 C8 0E 25 40 48 0F 25 40 08 0F 25 40 C8 0F 25 40 88 0F 25 40 32 29 00 20 46 E3 17  ]
2019-01-02 17:12:40.289 25575-25594/com.cypress.cysmart D/CYSMART:  , [Bootloader Service|Bootloader Data Characteristic] Write request status - Success
2019-01-02 17:12:40.317 25575-25575/com.cypress.cysmart I/CySmart Android: CYRET_SUCCESS
2019-01-02 17:12:40.322 25575-25575/com.cypress.cysmart E/CySmart Android: OTAVerifyRowCmd
2019-01-02 17:12:40.331 25575-25575/com.cypress.cysmart V/CYSMART:  , [Bootloader Service|Bootloader Data Characteristic] Write request sent with value , [ 01 3A 03 00 01 B8 01 08 FF 17  ]
2019-01-02 17:12:40.350 25575-29915/com.cypress.cysmart D/CYSMART:  , [Bootloader Service|Bootloader Data Characteristic] Write request status - Success
2019-01-02 17:12:40.368 25575-25575/com.cypress.cysmart I/CySmart Android: CYRET_SUCCESS

2019-01-02 17:12:40.381 25575-25575/com.cypress.cysmart E/CySmart Android: Row: 228Start Pos: 0mStartRow: 13959168mEndRow: 33488896Row No:28901376
2019-01-02 17:12:40.381 25575-25575/com.cypress.cysmart E/CySmart Android: Array id: 1 Shared Array id: 1
2019-01-02 17:12:40.381 25575-25575/com.cypress.cysmart E/CySmart Android: OTAProgramRowCmd send size--->138
2019-01-02 17:12:40.394 25575-25575/com.cypress.cysmart V/CYSMART:  , [Bootloader Service|Bootloader Data Characteristic] Write request sent with value , [ 01 39 83 00 01 B9 01 80 B5 00 AF 06 4B 06 4A 12 68 F0 21 0A 43 1A 60 04 4B 05 4A 12 88 1A 60 C0 46 BD 46 80 BD C0 46 00 05 02 40 88 0F 25 40 32 29 00 20 80 B5 84 B0 00 AF 78 60 0A 4B 1B 68 FB 60 FB 68 09 4A 13 40 FB 60 7B 68 9A 06 C0 23 1B 05 13 40 FA 68 13 43 FB 60 03 4B FA 68 1A 60 C0 46 BD 46 04 B0 80 BD 20 00 25 40 FF FF FF F3 80 B5 00 AF 04 4B 1B 68 00 2B 02 D0 02 4B 1B 68 98 47 C0 46 BD 46 80 BD 41 CF 17  ]
2019-01-02 17:12:40.606 25575-29915/com.cypress.cysmart D/CYSMART:  , [Bootloader Service|Bootloader Data Characteristic] Write request status - Success
2019-01-02 17:12:40.635 25575-25575/com.cypress.cysmart I/CySmart Android: CYRET_SUCCESS
2019-01-02 17:12:40.640 25575-25575/com.cypress.cysmart E/CySmart Android: OTAVerifyRowCmd
2019-01-02 17:12:40.647 25575-25575/com.cypress.cysmart V/CYSMART:  , [Bootloader Service|Bootloader Data Characteristic] Write request sent with value , [ 01 3A 03 00 01 B9 01 07 FF 17  ]
2019-01-02 17:12:40.660 25575-29915/com.cypress.cysmart D/CYSMART:  , [Bootloader Service|Bootloader Data Characteristic] Write request status - Success
2019-01-02 17:12:40.669 25575-25575/com.cypress.cysmart I/CySmart Android: CYRET_SUCCESS

2019-01-02 17:12:40.677 25575-25575/com.cypress.cysmart E/CySmart Android: Row: 229Start Pos: 0mStartRow: 13959168mEndRow: 33488896Row No:28966912
2019-01-02 17:12:40.677 25575-25575/com.cypress.cysmart E/CySmart Android: Array id: 1 Shared Array id: 1
2019-01-02 17:12:40.677 25575-25575/com.cypress.cysmart E/CySmart Android: OTAProgramRowCmd send size--->138
2019-01-02 17:12:40.686 25575-25575/com.cypress.cysmart V/CYSMART:  , [Bootloader Service|Bootloader Data Characteristic] Write request sent with value , [ 01 39 83 00 01 BA 01 34 29 00 20 80 B5 84 B0 00 AF 02 00 FB 1D 1A 70 0E 4B 1B 68 DA B2 0F 23 FB 18 01 21 8A 43 1A 70 FB 1D 1B 78 01 22 13 40 D9 B2 0F 23 FB 18 0F 22 BA 18 12 78 0A 43 1A 70 04 4B 0F 22 BA 18 12 78 1A 60 C0 46 BD 46 04 B0 80 BD C0 46 00 05 04 40 80 B5 82 B0 00 AF 02 00 FB 1D 1A 70 06 4B 06 4A 12 68 06 49 11 40 FA 1D 12 78 D2 03 0A 43 1A 60 C0 46 BD 46 02 B0 80 BD 08 00 04 40 FF 7F FC FF C5 D3 17  ]
2019-01-02 17:12:40.886 25575-29915/com.cypress.cysmart D/CYSMART:  , [Bootloader Service|Bootloader Data Characteristic] Write request status - Success
2019-01-02 17:12:40.917 25575-25575/com.cypress.cysmart I/CySmart Android: CYRET_SUCCESS
2019-01-02 17:12:40.922 25575-25575/com.cypress.cysmart E/CySmart Android: OTAVerifyRowCmd
2019-01-02 17:12:40.931 25575-25575/com.cypress.cysmart V/CYSMART:  , [Bootloader Service|Bootloader Data Characteristic] Write request sent with value , [ 01 3A 03 00 01 BA 01 06 FF 17  ]
2019-01-02 17:12:40.955 25575-25594/com.cypress.cysmart D/CYSMART:  , [Bootloader Service|Bootloader Data Characteristic] Write request status - Success
2019-01-02 17:12:40.968 25575-25575/com.cypress.cysmart I/CySmart Android: CYRET_SUCCESS

2019-01-02 17:12:40.980 25575-25575/com.cypress.cysmart E/CySmart Android: Row: 230Start Pos: 0mStartRow: 13959168mEndRow: 33488896Row No:29032448
2019-01-02 17:12:40.980 25575-25575/com.cypress.cysmart E/CySmart Android: Array id: 1 Shared Array id: 1
2019-01-02 17:12:40.980 25575-25575/com.cypress.cysmart E/CySmart Android: OTAProgramRowCmd send size--->138
2019-01-02 17:12:40.997 25575-25575/com.cypress.cysmart V/CYSMART:  , [Bootloader Service|Bootloader Data Characteristic] Write request sent with value , [ 01 39 83 00 01 BB 01 80 B5 84 B0 00 AF 02 00 FB 1D 1A 70 0F 4B 1B 68 DA B2 0F 23 FB 18 20 21 8A 43 1A 70 FB 1D 1B 78 5B 01 DB B2 20 22 13 40 D9 B2 0F 23 FB 18 0F 22 BA 18 12 78 0A 43 1A 70 04 4B 0F 22 BA 18 12 78 1A 60 C0 46 BD 46 04 B0 80 BD C0 46 00 00 04 40 80 B5 82 B0 00 AF 02 00 FB 1D 1A 70 06 4B 06 4A 12 68 06 49 11 40 FA 1D 12 78 12 03 0A 43 1A 60 C0 46 BD 46 02 B0 80 BD 08 00 04 40 FF 8F FF FF CB D2 17  ]
2019-01-02 17:12:41.211 25575-29915/com.cypress.cysmart D/CYSMART:  , [Bootloader Service|Bootloader Data Characteristic] Write request status - Success
2019-01-02 17:12:41.240 25575-25575/com.cypress.cysmart I/CySmart Android: CYRET_SUCCESS
2019-01-02 17:12:41.244 25575-25575/com.cypress.cysmart E/CySmart Android: OTAVerifyRowCmd
2019-01-02 17:12:41.250 25575-25575/com.cypress.cysmart V/CYSMART:  , [Bootloader Service|Bootloader Data Characteristic] Write request sent with value , [ 01 3A 03 00 01 BB 01 05 FF 17  ]
2019-01-02 17:12:41.269 25575-29915/com.cypress.cysmart D/CYSMART:  , [Bootloader Service|Bootloader Data Characteristic] Write request status - Success
2019-01-02 17:12:41.284 25575-25575/com.cypress.cysmart I/CySmart Android: CYRET_SUCCESS

2019-01-02 17:12:41.296 25575-25575/com.cypress.cysmart E/CySmart Android: Row: 231Start Pos: 0mStartRow: 13959168mEndRow: 33488896Row No:29097984
2019-01-02 17:12:41.296 25575-25575/com.cypress.cysmart E/CySmart Android: Array id: 1 Shared Array id: 1
2019-01-02 17:12:41.296 25575-25575/com.cypress.cysmart E/CySmart Android: OTAProgramRowCmd send size--->138
2019-01-02 17:12:41.305 25575-25575/com.cypress.cysmart V/CYSMART:  , [Bootloader Service|Bootloader Data Characteristic] Write request sent with value , [ 01 39 83 00 01 BC 01 80 B5 84 B0 00 AF 02 00 FB 1D 1A 70 0F 4B 1B 68 DA B2 0F 23 FB 18 10 21 8A 43 1A 70 FB 1D 1B 78 1B 01 DB B2 10 22 13 40 D9 B2 0F 23 FB 18 0F 22 BA 18 12 78 0A 43 1A 70 04 4B 0F 22 BA 18 12 78 1A 60 C0 46 BD 46 04 B0 80 BD C0 46 00 00 04 40 80 B5 00 AF 04 4B 1B 68 10 22 13 40 1B 09 DB B2 18 00 BD 46 80 BD C0 46 04 00 04 40 90 B5 A9 B0 00 AF 78 60 39 60 00 23 98 22 BA 18 13 60 00 23 57 D4 17  ]
2019-01-02 17:12:41.513 25575-29915/com.cypress.cysmart D/CYSMART:  , [Bootloader Service|Bootloader Data Characteristic] Write request status - Success
2019-01-02 17:12:41.543 25575-25575/com.cypress.cysmart I/CySmart Android: CYRET_SUCCESS
2019-01-02 17:12:41.549 25575-25575/com.cypress.cysmart E/CySmart Android: OTAVerifyRowCmd
2019-01-02 17:12:41.561 25575-25575/com.cypress.cysmart V/CYSMART:  , [Bootloader Service|Bootloader Data Characteristic] Write request sent with value , [ 01 3A 03 00 01 BC 01 04 FF 17  ]
2019-01-02 17:12:41.588 25575-25594/com.cypress.cysmart D/CYSMART:  , [Bootloader Service|Bootloader Data Characteristic] Write request status - Success
2019-01-02 17:12:41.616 25575-25575/com.cypress.cysmart I/CySmart Android: CYRET_SUCCESS

2019-01-02 17:12:41.633 25575-25575/com.cypress.cysmart E/CySmart Android: Row: 232Start Pos: 0mStartRow: 13959168mEndRow: 33488896Row No:29163520
2019-01-02 17:12:41.633 25575-25575/com.cypress.cysmart E/CySmart Android: Array id: 1 Shared Array id: 1
2019-01-02 17:12:41.633 25575-25575/com.cypress.cysmart E/CySmart Android: OTAProgramRowCmd send size--->138
2019-01-02 17:12:41.643 25575-25575/com.cypress.cysmart V/CYSMART:  , [Bootloader Service|Bootloader Data Characteristic] Write request sent with value , [ 01 39 83 00 01 BD 01 94 22 BA 18 13 60 7B 68 03 2B 00 D9 A0 E0 3B 68 00 2B 00 D1 9C E0 7B 68 53 4A 93 42 01 D9 53 4A 00 E0 53 4A 0C 23 FB 18 1A 60 0C 23 FB 18 7F 22 5A 60 39 68 0C 23 FB 18 08 33 80 22 18 00 00 F0 25 FF 4C 4B 0C 22 BA 18 1A 60 4B 4B 4B 4A 1A 60 C0 46 48 4B 1B 68 1B 0F 1A 07 F0 23 1B 06 9A 42 04 D1 44 4B 1B 68 FF 22 13 40 0D E0 41 4B 1B 68 1B 0F 1A 07 A0 23 1B 06 9A 42 04 D0 3D 4B 1B 68 08 D6 17  ]
2019-01-02 17:12:41.876 25575-29915/com.cypress.cysmart D/CYSMART:  , [Bootloader Service|Bootloader Data Characteristic] Write request status - Success
2019-01-02 17:12:41.904 25575-25575/com.cypress.cysmart I/CySmart Android: CYRET_SUCCESS
2019-01-02 17:12:41.908 25575-25575/com.cypress.cysmart E/CySmart Android: OTAVerifyRowCmd
2019-01-02 17:12:41.919 25575-25575/com.cypress.cysmart V/CYSMART:  , [Bootloader Service|Bootloader Data Characteristic] Write request sent with value , [ 01 3A 03 00 01 BD 01 03 FF 17  ]
2019-01-02 17:12:41.934 25575-29915/com.cypress.cysmart D/CYSMART:  , [Bootloader Service|Bootloader Data Characteristic] Write request status - Success
2019-01-02 17:12:41.956 25575-25575/com.cypress.cysmart I/CySmart Android: CYRET_SUCCESS

2019-01-02 17:12:41.968 25575-25575/com.cypress.cysmart E/CySmart Android: Row: 233Start Pos: 0mStartRow: 13959168mEndRow: 33488896Row No:29229056
2019-01-02 17:12:41.968 25575-25575/com.cypress.cysmart E/CySmart Android: Array id: 1 Shared Array id: 1
2019-01-02 17:12:41.968 25575-25575/com.cypress.cysmart E/CySmart Android: OTAProgramRowCmd send size--->138
2019-01-02 17:12:41.977 25575-25575/com.cypress.cysmart V/CYSMART:  , [Bootloader Service|Bootloader Data Characteristic] Write request sent with value , [ 01 39 83 00 01 BE 01 FF 22 13 40 00 E0 00 23 98 22 BA 18 13 60 98 23 FB 18 1B 68 00 2B 5F D1 9F 23 FC 18 00 F0 4D FD 03 00 23 70 00 F0 70 F8 03 00 94 22 BA 18 13 60 94 23 FB 18 1B 68 00 2B 05 D1 00 F0 A3 F8 03 00 98 22 BA 18 13 60 98 23 FB 18 1B 68 00 2B 2D D1 0C 23 FB 18 2A 4A 1A 60 0C 23 FB 18 7A 68 5A 60 24 4B 0C 22 BA 18 1A 60 23 4B 26 4A 1A 60 C0 46 20 4B 1B 68 1B 0F 1A 07 F0 23 1B 06 9A 42 04 D1 9D D4 17  ]
2019-01-02 17:12:42.190 25575-25594/com.cypress.cysmart D/CYSMART:  , [Bootloader Service|Bootloader Data Characteristic] Write request status - Success
2019-01-02 17:12:42.218 25575-25575/com.cypress.cysmart I/CySmart Android: CYRET_SUCCESS
2019-01-02 17:12:42.220 25575-25575/com.cypress.cysmart E/CySmart Android: OTAVerifyRowCmd
2019-01-02 17:12:42.224 25575-25575/com.cypress.cysmart V/CYSMART:  , [Bootloader Service|Bootloader Data Characteristic] Write request sent with value , [ 01 3A 03 00 01 BE 01 02 FF 17  ]
2019-01-02 17:12:42.245 25575-25594/com.cypress.cysmart D/CYSMART:  , [Bootloader Service|Bootloader Data Characteristic] Write request status - Success
2019-01-02 17:12:42.252 25575-25575/com.cypress.cysmart I/CySmart Android: CYRET_SUCCESS

2019-01-02 17:12:42.259 25575-25575/com.cypress.cysmart E/CySmart Android: Row: 234Start Pos: 0mStartRow: 13959168mEndRow: 33488896Row No:29294592
2019-01-02 17:12:42.259 25575-25575/com.cypress.cysmart E/CySmart Android: Array id: 1 Shared Array id: 1
2019-01-02 17:12:42.259 25575-25575/com.cypress.cysmart E/CySmart Android: OTAProgramRowCmd send size--->138
2019-01-02 17:12:42.273 25575-25575/com.cypress.cysmart V/CYSMART:  , [Bootloader Service|Bootloader Data Characteristic] Write request sent with value , [ 01 39 83 00 01 BF 01 1C 4B 1B 68 FF 22 13 40 0D E0 1A 4B 1B 68 1B 0F 1A 07 A0 23 1B 06 9A 42 04 D0 16 4B 1B 68 FF 22 13 40 00 E0 00 23 98 22 BA 18 13 60 94 23 FB 18 1B 68 00 2B 05 D1 00 F0 9B F8 03 00 94 22 BA 18 13 60 9F 23 FB 18 1B 78 18 00 00 F0 FA FC 03 E0 04 23 98 22 BA 18 13 60 98 23 FB 18 1B 68 18 00 BD 46 29 B0 90 BD C0 46 FF 01 00 00 B6 D7 00 01 B6 D7 00 00 08 00 10 40 04 00 10 40 04 00 00 80 F5 D5 17  ]
2019-01-02 17:12:42.485 25575-29915/com.cypress.cysmart D/CYSMART:  , [Bootloader Service|Bootloader Data Characteristic] Write request status - Success
2019-01-02 17:12:42.502 25575-25575/com.cypress.cysmart I/CySmart Android: CYRET_SUCCESS
2019-01-02 17:12:42.505 25575-25575/com.cypress.cysmart E/CySmart Android: OTAVerifyRowCmd
2019-01-02 17:12:42.511 25575-25575/com.cypress.cysmart V/CYSMART:  , [Bootloader Service|Bootloader Data Characteristic] Write request sent with value , [ 01 3A 03 00 01 BF 01 01 FF 17  ]
2019-01-02 17:12:42.527 25575-25594/com.cypress.cysmart D/CYSMART:  , [Bootloader Service|Bootloader Data Characteristic] Write request status - Success
2019-01-02 17:12:42.538 25575-25575/com.cypress.cysmart I/CySmart Android: CYRET_SUCCESS

2019-01-02 17:12:42.546 25575-25575/com.cypress.cysmart E/CySmart Android: Row: 235Start Pos: 0mStartRow: 13959168mEndRow: 33488896Row No:29360128
2019-01-02 17:12:42.546 25575-25575/com.cypress.cysmart E/CySmart Android: Array id: 1 Shared Array id: 1
2019-01-02 17:12:42.546 25575-25575/com.cypress.cysmart E/CySmart Android: OTAProgramRowCmd send size--->138
2019-01-02 17:12:42.556 25575-25575/com.cypress.cysmart V/CYSMART:  , [Bootloader Service|Bootloader Data Characteristic] Write request sent with value , [ 01 39 83 00 01 C0 01 B6 EB 00 00 18 00 00 80 80 B5 84 B0 00 AF 00 23 FB 60 3B 1D 16 4A 1A 60 16 4A 3B 1D 5A 60 16 4B 3A 1D 1A 60 15 4B 16 4A 1A 60 C0 46 12 4B 1B 68 1B 0F 1A 07 F0 23 1B 06 9A 42 04 D1 0E 4B 1B 68 FF 22 13 40 0D E0 0C 4B 1B 68 1B 0F 1A 07 A0 23 1B 06 9A 42 04 D0 08 4B 1B 68 FF 22 13 40 00 E0 00 23 FB 60 FB 68 18 00 BD 46 04 B0 80 BD C0 46 B6 E9 00 00 3C 29 00 20 08 00 10 40 04 00 10 40 A9 D9 17  ]
2019-01-02 17:12:42.768 25575-25594/com.cypress.cysmart D/CYSMART:  , [Bootloader Service|Bootloader Data Characteristic] Write request status - Success
2019-01-02 17:12:42.783 25575-25575/com.cypress.cysmart I/CySmart Android: CYRET_SUCCESS
2019-01-02 17:12:42.786 25575-25575/com.cypress.cysmart E/CySmart Android: OTAVerifyRowCmd
2019-01-02 17:12:42.791 25575-25575/com.cypress.cysmart V/CYSMART:  , [Bootloader Service|Bootloader Data Characteristic] Write request sent with value , [ 01 3A 03 00 01 C0 01 00 FF 17  ]
2019-01-02 17:12:42.809 25575-29915/com.cypress.cysmart D/CYSMART:  , [Bootloader Service|Bootloader Data Characteristic] Write request status - Success
2019-01-02 17:12:42.821 25575-25575/com.cypress.cysmart I/CySmart Android: CYRET_SUCCESS

2019-01-02 17:12:42.835 25575-25575/com.cypress.cysmart E/CySmart Android: Row: 236Start Pos: 0mStartRow: 13959168mEndRow: 33488896Row No:29425664
2019-01-02 17:12:42.835 25575-25575/com.cypress.cysmart E/CySmart Android: Array id: 1 Shared Array id: 1
2019-01-02 17:12:42.835 25575-25575/com.cypress.cysmart E/CySmart Android: OTAProgramRowCmd send size--->138
2019-01-02 17:12:42.845 25575-25575/com.cypress.cysmart V/CYSMART:  , [Bootloader Service|Bootloader Data Characteristic] Write request sent with value , [ 01 39 83 00 01 C1 01 16 00 00 80 80 B5 82 B0 00 AF 00 23 7B 60 14 4B 14 4A 1A 60 14 4B 15 4A 1A 60 C0 46 10 4B 1B 68 1B 0F 1A 07 F0 23 1B 06 9A 42 04 D1 0C 4B 1B 68 FF 22 13 40 0D E0 0A 4B 1B 68 1B 0F 1A 07 A0 23 1B 06 9A 42 04 D0 06 4B 1B 68 FF 22 13 40 00 E0 00 23 7B 60 7B 68 18 00 BD 46 02 B0 80 BD C0 46 08 00 10 40 B6 E8 00 00 04 00 10 40 15 00 00 80 80 B5 84 B0 00 AF 00 23 FB 60 3B 1D 16 4A 1A 60 A1 D9 17  ]
2019-01-02 17:12:43.054 25575-25594/com.cypress.cysmart D/CYSMART:  , [Bootloader Service|Bootloader Data Characteristic] Write request status - Success
2019-01-02 17:12:43.084 25575-25575/com.cypress.cysmart I/CySmart Android: CYRET_SUCCESS
2019-01-02 17:12:43.088 25575-25575/com.cypress.cysmart E/CySmart Android: OTAVerifyRowCmd
2019-01-02 17:12:43.093 25575-25575/com.cypress.cysmart V/CYSMART:  , [Bootloader Service|Bootloader Data Characteristic] Write request sent with value , [ 01 3A 03 00 01 C1 01 FF FE 17  ]
2019-01-02 17:12:43.117 25575-25594/com.cypress.cysmart D/CYSMART:  , [Bootloader Service|Bootloader Data Characteristic] Write request status - Success
2019-01-02 17:12:43.135 25575-25575/com.cypress.cysmart I/CySmart Android: CYRET_SUCCESS

2019-01-02 17:12:43.154 25575-25575/com.cypress.cysmart E/CySmart Android: Row: 237Start Pos: 0mStartRow: 13959168mEndRow: 33488896Row No:29491200
2019-01-02 17:12:43.154 25575-25575/com.cypress.cysmart E/CySmart Android: Array id: 1 Shared Array id: 1
2019-01-02 17:12:43.154 25575-25575/com.cypress.cysmart E/CySmart Android: OTAProgramRowCmd send size--->138
2019-01-02 17:12:43.162 25575-25575/com.cypress.cysmart V/CYSMART:  , [Bootloader Service|Bootloader Data Characteristic] Write request sent with value , [ 01 39 83 00 01 C2 01 16 4A 3B 1D 5A 60 16 4B 3A 1D 1A 60 15 4B 16 4A 1A 60 C0 46 12 4B 1B 68 1B 0F 1A 07 F0 23 1B 06 9A 42 04 D1 0E 4B 1B 68 FF 22 13 40 0D E0 0C 4B 1B 68 1B 0F 1A 07 A0 23 1B 06 9A 42 04 D0 08 4B 1B 68 FF 22 13 40 00 E0 00 23 FB 60 FB 68 18 00 BD 46 04 B0 80 BD C0 46 B6 EA 00 00 3C 29 00 20 08 00 10 40 04 00 10 40 17 00 00 80 90 B5 8B B0 00 AF 78 60 27 23 FC 18 00 F0 1F FC 03 00 23 70 0A D9 17  ]
2019-01-02 17:12:43.374 25575-29915/com.cypress.cysmart D/CYSMART:  , [Bootloader Service|Bootloader Data Characteristic] Write request status - Success
2019-01-02 17:12:43.397 25575-25575/com.cypress.cysmart I/CySmart Android: CYRET_SUCCESS
2019-01-02 17:12:43.400 25575-25575/com.cypress.cysmart E/CySmart Android: OTAVerifyRowCmd
2019-01-02 17:12:43.405 25575-25575/com.cypress.cysmart V/CYSMART:  , [Bootloader Service|Bootloader Data Characteristic] Write request sent with value , [ 01 3A 03 00 01 C2 01 FE FE 17  ]
2019-01-02 17:12:43.429 25575-29915/com.cypress.cysmart D/CYSMART:  , [Bootloader Service|Bootloader Data Characteristic] Write request status - Success
2019-01-02 17:12:43.441 25575-25575/com.cypress.cysmart I/CySmart Android: CYRET_SUCCESS

2019-01-02 17:12:43.449 25575-25575/com.cypress.cysmart E/CySmart Android: Row: 238Start Pos: 0mStartRow: 13959168mEndRow: 33488896Row No:29556736
2019-01-02 17:12:43.449 25575-25575/com.cypress.cysmart E/CySmart Android: Array id: 1 Shared Array id: 1
2019-01-02 17:12:43.449 25575-25575/com.cypress.cysmart E/CySmart Android: OTAProgramRowCmd send size--->138
2019-01-02 17:12:43.458 25575-25575/com.cypress.cysmart V/CYSMART:  , [Bootloader Service|Bootloader Data Characteristic] Write request sent with value , [ 01 39 83 00 01 C3 01 19 4B 1A 68 0C 23 FB 18 1A 60 18 4B 1A 68 0C 23 FB 18 5A 60 7B 68 03 3B 15 4A D3 5C 1A 00 0C 23 FB 18 9A 60 13 4B 1A 68 0C 23 FB 18 DA 60 1C 23 FB 18 11 4A 1A 60 0C 23 FA 18 1C 23 FB 18 5A 60 0E 4B 1C 22 BA 18 1A 60 0D 4B 0E 4A 1A 60 0B 4B 1B 68 27 23 FB 18 1B 78 18 00 00 F0 F2 FB C0 46 BD 46 0B B0 90 BD C0 46 08 01 0B 40 00 01 0B 40 B8 F9 01 00 30 00 10 40 B6 EA 00 00 08 00 10 40 7A D8 17  ]
2019-01-02 17:12:43.665 25575-29915/com.cypress.cysmart D/CYSMART:  , [Bootloader Service|Bootloader Data Characteristic] Write request status - Success
2019-01-02 17:12:43.688 25575-25575/com.cypress.cysmart I/CySmart Android: CYRET_SUCCESS
2019-01-02 17:12:43.694 25575-25575/com.cypress.cysmart E/CySmart Android: OTAVerifyRowCmd
2019-01-02 17:12:43.704 25575-25575/com.cypress.cysmart V/CYSMART:  , [Bootloader Service|Bootloader Data Characteristic] Write request sent with value , [ 01 3A 03 00 01 C3 01 FD FE 17  ]
2019-01-02 17:12:43.720 25575-25594/com.cypress.cysmart D/CYSMART:  , [Bootloader Service|Bootloader Data Characteristic] Write request status - Success
2019-01-02 17:12:43.731 25575-25575/com.cypress.cysmart I/CySmart Android: CYRET_SUCCESS

2019-01-02 17:12:43.740 25575-25575/com.cypress.cysmart E/CySmart Android: Row: 239Start Pos: 0mStartRow: 13959168mEndRow: 33488896Row No:29622272
2019-01-02 17:12:43.740 25575-25575/com.cypress.cysmart E/CySmart Android: Array id: 1 Shared Array id: 1
2019-01-02 17:12:43.740 25575-25575/com.cypress.cysmart E/CySmart Android: OTAProgramRowCmd send size--->138
2019-01-02 17:12:43.750 25575-25575/com.cypress.cysmart V/CYSMART:  , [Bootloader Service|Bootloader Data Characteristic] Write request sent with value , [ 01 39 83 00 01 C4 01 04 00 10 40 17 00 00 80 80 B5 84 B0 00 AF 78 60 00 23 FB 60 15 4B 15 4A 12 68 01 21 0A 43 1A 60 13 4B 14 4A 1A 60 14 4B 13 4A 12 68 80 21 09 02 0A 43 1A 60 7B 68 00 2B 12 D0 10 23 FB 60 0C E0 01 20 00 F0 15 F9 00 F0 19 F8 03 1E 02 D0 00 23 FB 60 05 E0 7B 68 01 3B 7B 60 7B 68 00 2B EF D1 FB 68 18 00 BD 46 04 B0 80 BD C0 46 60 F0 2E 40 78 00 2E 40 02 20 00 00 10 00 2E 40 80 B5 82 B0 5B D6 17  ]
2019-01-02 17:12:43.960 25575-25594/com.cypress.cysmart D/CYSMART:  , [Bootloader Service|Bootloader Data Characteristic] Write request status - Success
2019-01-02 17:12:43.980 25575-25575/com.cypress.cysmart I/CySmart Android: CYRET_SUCCESS
2019-01-02 17:12:43.985 25575-25575/com.cypress.cysmart E/CySmart Android: OTAVerifyRowCmd
2019-01-02 17:12:43.994 25575-25575/com.cypress.cysmart V/CYSMART:  , [Bootloader Service|Bootloader Data Characteristic] Write request sent with value , [ 01 3A 03 00 01 C4 01 FC FE 17  ]
2019-01-02 17:12:44.018 25575-29915/com.cypress.cysmart D/CYSMART:  , [Bootloader Service|Bootloader Data Characteristic] Write request status - Success
2019-01-02 17:12:44.038 25575-25575/com.cypress.cysmart I/CySmart Android: CYRET_SUCCESS

2019-01-02 17:12:44.047 25575-25575/com.cypress.cysmart E/CySmart Android: Row: 240Start Pos: 0mStartRow: 13959168mEndRow: 33488896Row No:29687808
2019-01-02 17:12:44.047 25575-25575/com.cypress.cysmart E/CySmart Android: Array id: 1 Shared Array id: 1
2019-01-02 17:12:44.047 25575-25575/com.cypress.cysmart E/CySmart Android: OTAProgramRowCmd send size--->138
2019-01-02 17:12:44.056 25575-25575/com.cypress.cysmart V/CYSMART:  , [Bootloader Service|Bootloader Data Characteristic] Write request sent with value , [ 01 39 83 00 01 C5 01 00 AF 05 4B 1B 68 01 22 13 40 7B 60 7B 68 18 00 BD 46 02 B0 80 BD C0 46 0C 00 2E 40 80 B5 84 B0 00 AF 02 00 39 60 FB 1D 1A 70 80 23 9B 05 FB 60 FB 1D 1B 78 1F 2B 02 D9 00 20 00 F0 95 F8 FB 1D 1B 78 10 33 9B 00 FA 68 D3 18 1B 68 BB 60 FB 1D 1B 78 10 33 9B 00 FA 68 D3 18 3A 68 1A 60 BB 68 18 00 BD 46 04 B0 80 BD 90 B5 87 B0 00 AF 02 00 FB 1D 1A 70 BB 1D 0A 1C 1A 70 BB 1D 1B 78 03 2B 57 D0 17  ]
2019-01-02 17:12:44.281 25575-29915/com.cypress.cysmart D/CYSMART:  , [Bootloader Service|Bootloader Data Characteristic] Write request status - Success
2019-01-02 17:12:44.297 25575-25575/com.cypress.cysmart I/CySmart Android: CYRET_SUCCESS
2019-01-02 17:12:44.299 25575-25575/com.cypress.cysmart E/CySmart Android: OTAVerifyRowCmd
2019-01-02 17:12:44.301 25575-25575/com.cypress.cysmart V/CYSMART:  , [Bootloader Service|Bootloader Data Characteristic] Write request sent with value , [ 01 3A 03 00 01 C5 01 FB FE 17  ]
2019-01-02 17:12:44.327 25575-25594/com.cypress.cysmart D/CYSMART:  , [Bootloader Service|Bootloader Data Characteristic] Write request status - Success
2019-01-02 17:12:44.336 25575-25575/com.cypress.cysmart I/CySmart Android: CYRET_SUCCESS

2019-01-02 17:12:44.345 25575-25575/com.cypress.cysmart E/CySmart Android: Row: 241Start Pos: 0mStartRow: 13959168mEndRow: 33488896Row No:29753344
2019-01-02 17:12:44.346 25575-25575/com.cypress.cysmart E/CySmart Android: Array id: 1 Shared Array id: 1
2019-01-02 17:12:44.346 25575-25575/com.cypress.cysmart E/CySmart Android: OTAProgramRowCmd send size--->138
2019-01-02 17:12:44.354 25575-25575/com.cypress.cysmart V/CYSMART:  , [Bootloader Service|Bootloader Data Characteristic] Write request sent with value , [ 01 39 83 00 01 C6 01 02 D9 00 20 00 F0 70 F8 FB 1D 1B 78 1F 2B 02 D9 00 20 00 F0 69 F8 FB 1D 1B 78 03 22 13 40 DB 00 06 33 7B 61 13 23 FC 18 00 F0 47 FB 03 00 23 70 FB 1D 1B 78 9B 08 DB B2 9B 00 14 4A 94 46 63 44 1B 68 FB 60 03 22 7B 69 9A 40 13 00 DA 43 FB 68 13 40 FB 60 BB 1D 1A 78 7B 69 9A 40 13 00 FA 68 13 43 FB 60 FB 1D 1B 78 9B 08 DB B2 9B 00 07 4A 94 46 63 44 FA 68 1A 60 13 23 FB 18 1B 78 18 00 05 CF 17  ]
2019-01-02 17:12:44.562 25575-25594/com.cypress.cysmart D/CYSMART:  , [Bootloader Service|Bootloader Data Characteristic] Write request status - Success
2019-01-02 17:12:44.586 25575-25575/com.cypress.cysmart I/CySmart Android: CYRET_SUCCESS
2019-01-02 17:12:44.589 25575-25575/com.cypress.cysmart E/CySmart Android: OTAVerifyRowCmd
2019-01-02 17:12:44.596 25575-25575/com.cypress.cysmart V/CYSMART:  , [Bootloader Service|Bootloader Data Characteristic] Write request sent with value , [ 01 3A 03 00 01 C6 01 FA FE 17  ]
2019-01-02 17:12:44.622 25575-25594/com.cypress.cysmart D/CYSMART:  , [Bootloader Service|Bootloader Data Characteristic] Write request status - Success
2019-01-02 17:12:44.636 25575-25575/com.cypress.cysmart I/CySmart Android: CYRET_SUCCESS

2019-01-02 17:12:44.654 25575-25575/com.cypress.cysmart E/CySmart Android: Row: 242Start Pos: 0mStartRow: 13959168mEndRow: 33488896Row No:29818880
2019-01-02 17:12:44.655 25575-25575/com.cypress.cysmart E/CySmart Android: Array id: 1 Shared Array id: 1
2019-01-02 17:12:44.655 25575-25575/com.cypress.cysmart E/CySmart Android: OTAProgramRowCmd send size--->138
2019-01-02 17:12:44.663 25575-25575/com.cypress.cysmart V/CYSMART:  , [Bootloader Service|Bootloader Data Characteristic] Write request sent with value , [ 01 39 83 00 01 C7 01 00 F0 1F FB C0 46 BD 46 07 B0 90 BD 00 E4 00 E0 80 B5 82 B0 00 AF 02 00 FB 1D 1A 70 06 4B FA 1D 12 78 1F 21 0A 40 01 21 91 40 0A 00 1A 60 C0 46 BD 46 02 B0 80 BD C0 46 00 E1 00 E0 80 B5 82 B0 00 AF 02 00 FB 1D 1A 70 06 4B FA 1D 12 78 1F 21 0A 40 01 21 91 40 0A 00 1A 60 C0 46 BD 46 02 B0 80 BD C0 46 80 E1 00 E0 80 B5 82 B0 00 AF 02 00 FB 1D 1A 70 01 BE C0 46 BD 46 02 B0 80 BD C0 46 D0 CC 17  ]
2019-01-02 17:12:44.894 25575-29915/com.cypress.cysmart D/CYSMART:  , [Bootloader Service|Bootloader Data Characteristic] Write request status - Success
2019-01-02 17:12:44.920 25575-25575/com.cypress.cysmart I/CySmart Android: CYRET_SUCCESS
2019-01-02 17:12:44.926 25575-25575/com.cypress.cysmart E/CySmart Android: OTAVerifyRowCmd
2019-01-02 17:12:44.936 25575-25575/com.cypress.cysmart V/CYSMART:  , [Bootloader Service|Bootloader Data Characteristic] Write request sent with value , [ 01 3A 03 00 01 C7 01 F9 FE 17  ]
2019-01-02 17:12:44.964 25575-25594/com.cypress.cysmart D/CYSMART:  , [Bootloader Service|Bootloader Data Characteristic] Write request status - Success
2019-01-02 17:12:44.982 25575-25575/com.cypress.cysmart I/CySmart Android: CYRET_SUCCESS

2019-01-02 17:12:45.000 25575-25575/com.cypress.cysmart E/CySmart Android: Row: 243Start Pos: 0mStartRow: 13959168mEndRow: 33488896Row No:29884416
2019-01-02 17:12:45.000 25575-25575/com.cypress.cysmart E/CySmart Android: Array id: 1 Shared Array id: 1
2019-01-02 17:12:45.000 25575-25575/com.cypress.cysmart E/CySmart Android: OTAProgramRowCmd send size--->138
2019-01-02 17:12:45.013 25575-25575/com.cypress.cysmart V/CYSMART:  , [Bootloader Service|Bootloader Data Characteristic] Write request sent with value , [ 01 39 83 00 01 C8 01 80 B5 00 AF 05 4B 05 4A 12 68 12 04 12 0C 04 49 0A 43 1A 60 C0 46 BD 46 80 BD C0 46 0C ED 00 E0 04 00 FA 05 80 B5 82 B0 00 AF 78 60 09 E0 0D 4B 1B 68 18 00 00 F0 B8 FA 7B 68 0B 4A 94 46 63 44 7B 60 7A 68 80 23 1B 02 9A 42 F0 D8 07 4B 1B 68 7A 68 53 43 18 00 00 F0 A7 FA C0 46 BD 46 02 B0 80 BD C0 46 90 28 00 20 00 80 FF FF 88 28 00 20 80 B5 82 B0 00 AF 02 00 BB 1D 1A 80 BB 1D 1B 88 A7 CE 17  ]
2019-01-02 17:12:45.235 25575-25594/com.cypress.cysmart D/CYSMART:  , [Bootloader Service|Bootloader Data Characteristic] Write request status - Success
2019-01-02 17:12:45.253 25575-25575/com.cypress.cysmart I/CySmart Android: CYRET_SUCCESS
2019-01-02 17:12:45.256 25575-25575/com.cypress.cysmart E/CySmart Android: OTAVerifyRowCmd
2019-01-02 17:12:45.260 25575-25575/com.cypress.cysmart V/CYSMART:  , [Bootloader Service|Bootloader Data Characteristic] Write request sent with value , [ 01 3A 03 00 01 C8 01 F8 FE 17  ]
2019-01-02 17:12:45.282 25575-29915/com.cypress.cysmart D/CYSMART:  , [Bootloader Service|Bootloader Data Characteristic] Write request status - Success
2019-01-02 17:12:45.288 25575-25575/com.cypress.cysmart I/CySmart Android: CYRET_SUCCESS

2019-01-02 17:12:45.297 25575-25575/com.cypress.cysmart E/CySmart Android: Row: 244Start Pos: 0mStartRow: 13959168mEndRow: 33488896Row No:29949952
2019-01-02 17:12:45.297 25575-25575/com.cypress.cysmart E/CySmart Android: Array id: 1 Shared Array id: 1
2019-01-02 17:12:45.297 25575-25575/com.cypress.cysmart E/CySmart Android: OTAProgramRowCmd send size--->138
2019-01-02 17:12:45.308 25575-25575/com.cypress.cysmart V/CYSMART:  , [Bootloader Service|Bootloader Data Characteristic] Write request sent with value , [ 01 39 83 00 01 C9 01 04 4A 12 78 53 43 18 00 00 F0 8E FA C0 46 BD 46 02 B0 80 BD 8C 28 00 20 80 B5 00 AF 0F 4B 0F 4A 12 68 01 21 8A 43 1A 60 0C 4B 0C 4A 12 68 02 21 8A 43 1A 60 0A 4B 0A 4A 12 68 30 21 8A 43 10 21 0A 43 1A 60 06 4B 06 4A 12 68 07 21 8A 43 01 21 0A 43 1A 60 C0 46 BD 46 80 BD C0 46 00 F0 2E 40 00 FF 2E 40 80 B5 00 AF 0F 4B 0F 4A 12 68 02 21 8A 43 1A 60 0D 4B 0D 4A 12 68 07 21 8A 43 02 21 9E DA 17  ]
2019-01-02 17:12:45.511 25575-25594/com.cypress.cysmart D/CYSMART:  , [Bootloader Service|Bootloader Data Characteristic] Write request status - Success
2019-01-02 17:12:45.534 25575-25575/com.cypress.cysmart I/CySmart Android: CYRET_SUCCESS
2019-01-02 17:12:45.539 25575-25575/com.cypress.cysmart E/CySmart Android: OTAVerifyRowCmd
2019-01-02 17:12:45.544 25575-25575/com.cypress.cysmart V/CYSMART:  , [Bootloader Service|Bootloader Data Characteristic] Write request sent with value , [ 01 3A 03 00 01 C9 01 F7 FE 17  ]
2019-01-02 17:12:45.564 25575-25594/com.cypress.cysmart D/CYSMART:  , [Bootloader Service|Bootloader Data Characteristic] Write request status - Success
2019-01-02 17:12:45.572 25575-25575/com.cypress.cysmart I/CySmart Android: CYRET_SUCCESS

2019-01-02 17:12:45.580 25575-25575/com.cypress.cysmart E/CySmart Android: Row: 245Start Pos: 0mStartRow: 13959168mEndRow: 33488896Row No:30015488
2019-01-02 17:12:45.580 25575-25575/com.cypress.cysmart E/CySmart Android: Array id: 1 Shared Array id: 1
2019-01-02 17:12:45.580 25575-25575/com.cypress.cysmart E/CySmart Android: OTAProgramRowCmd send size--->138
2019-01-02 17:12:45.588 25575-25575/com.cypress.cysmart V/CYSMART:  , [Bootloader Service|Bootloader Data Characteristic] Write request sent with value , [ 01 39 83 00 01 CA 01 0A 43 1A 60 09 4B 09 4A 12 68 30 21 8A 43 20 21 0A 43 1A 60 04 4B 04 4A 12 68 01 21 0A 43 1A 60 C0 46 BD 46 80 BD C0 46 00 F0 2E 40 00 FF 2E 40 80 B5 00 AF FF F7 B0 FF 04 4B 04 4A 12 68 80 21 09 06 0A 43 1A 60 C0 46 BD 46 80 BD 00 F0 2E 40 80 B5 84 B0 00 AF 78 60 0C 4B 1B 68 01 22 13 40 FB 60 7B 68 00 2B 02 D0 01 2B 03 D0 05 E0 FF F7 93 FF 06 E0 FF F7 B6 FF 03 E0 00 20 FF F7 34 FF F3 CD 17  ]
2019-01-02 17:12:45.791 25575-1531/com.cypress.cysmart D/CYSMART:  , [Bootloader Service|Bootloader Data Characteristic] Write request status - Success
2019-01-02 17:12:45.812 25575-25575/com.cypress.cysmart I/CySmart Android: CYRET_SUCCESS
2019-01-02 17:12:45.816 25575-25575/com.cypress.cysmart E/CySmart Android: OTAVerifyRowCmd
2019-01-02 17:12:45.825 25575-25575/com.cypress.cysmart V/CYSMART:  , [Bootloader Service|Bootloader Data Characteristic] Write request sent with value , [ 01 3A 03 00 01 CA 01 F6 FE 17  ]
2019-01-02 17:12:45.847 25575-25594/com.cypress.cysmart D/CYSMART:  , [Bootloader Service|Bootloader Data Characteristic] Write request status - Success
2019-01-02 17:12:45.857 25575-25575/com.cypress.cysmart I/CySmart Android: CYRET_SUCCESS

2019-01-02 17:12:45.868 25575-25575/com.cypress.cysmart E/CySmart Android: Row: 246Start Pos: 0mStartRow: 13959168mEndRow: 33488896Row No:30081024
2019-01-02 17:12:45.868 25575-25575/com.cypress.cysmart E/CySmart Android: Array id: 1 Shared Array id: 1
2019-01-02 17:12:45.868 25575-25575/com.cypress.cysmart E/CySmart Android: OTAProgramRowCmd send size--->138
2019-01-02 17:12:45.877 25575-25575/com.cypress.cysmart V/CYSMART:  , [Bootloader Service|Bootloader Data Characteristic] Write request sent with value , [ 01 39 83 00 01 CB 01 C0 46 FB 68 18 00 BD 46 04 B0 80 BD 00 F0 2E 40 90 B5 83 B0 00 AF FC 1D 00 F0 0F FA 03 00 23 70 07 4B 07 4A 12 68 C0 21 09 02 0A 43 1A 60 FB 1D 1B 78 18 00 00 F0 05 FA C0 46 BD 46 03 B0 90 BD 00 01 0B 40 80 B5 00 AF 05 4B 1A 68 C0 23 1B 02 13 40 01 D0 01 23 00 E0 00 23 18 00 BD 46 80 BD 00 01 0B 40 90 B5 83 B0 00 AF FC 1D 00 F0 E5 F9 03 00 23 70 0D 4B 0D 4A 12 68 0D 49 0A 40 80 21 4A D3 17  ]
2019-01-02 17:12:46.100 25575-1531/com.cypress.cysmart D/CYSMART:  , [Bootloader Service|Bootloader Data Characteristic] Write request status - Success
2019-01-02 17:12:46.134 25575-25575/com.cypress.cysmart I/CySmart Android: CYRET_SUCCESS
2019-01-02 17:12:46.144 25575-25575/com.cypress.cysmart E/CySmart Android: OTAVerifyRowCmd
2019-01-02 17:12:46.158 25575-25575/com.cypress.cysmart V/CYSMART:  , [Bootloader Service|Bootloader Data Characteristic] Write request sent with value , [ 01 3A 03 00 01 CB 01 F5 FE 17  ]
2019-01-02 17:12:46.173 25575-25594/com.cypress.cysmart D/CYSMART:  , [Bootloader Service|Bootloader Data Characteristic] Write request status - Success
2019-01-02 17:12:46.186 25575-25575/com.cypress.cysmart I/CySmart Android: CYRET_SUCCESS

2019-01-02 17:12:46.195 25575-25575/com.cypress.cysmart E/CySmart Android: Row: 247Start Pos: 0mStartRow: 13959168mEndRow: 33488896Row No:30146560
2019-01-02 17:12:46.195 25575-25575/com.cypress.cysmart E/CySmart Android: Array id: 1 Shared Array id: 1
2019-01-02 17:12:46.195 25575-25575/com.cypress.cysmart E/CySmart Android: OTAProgramRowCmd send size--->138
2019-01-02 17:12:46.207 25575-25575/com.cypress.cysmart V/CYSMART:  , [Bootloader Service|Bootloader Data Characteristic] Write request sent with value , [ 01 39 83 00 01 CC 01 C9 01 0A 43 1A 60 09 4B 08 4A 12 68 08 49 0A 40 80 21 09 02 0A 43 1A 60 FB 1D 1B 78 18 00 00 F0 D0 F9 C0 46 BD 46 03 B0 90 BD C0 46 00 01 0B 40 FF 3F FF FF 80 B5 82 B0 00 AF 78 60 7B 68 02 2B 02 D9 00 20 FF F7 D0 FE 06 4B 1A 68 7B 68 DB 00 01 33 DA 40 13 00 01 22 13 40 18 00 BD 46 02 B0 80 BD C0 46 10 02 0B 40 80 B5 84 B0 00 AF 78 60 39 60 7B 68 02 2B 02 D9 00 20 FF F7 B5 FE 7B 68 F1 CE 17  ]
2019-01-02 17:12:46.418 25575-1531/com.cypress.cysmart D/CYSMART:  , [Bootloader Service|Bootloader Data Characteristic] Write request status - Success
2019-01-02 17:12:46.450 25575-25575/com.cypress.cysmart I/CySmart Android: CYRET_SUCCESS
2019-01-02 17:12:46.456 25575-25575/com.cypress.cysmart E/CySmart Android: OTAVerifyRowCmd
2019-01-02 17:12:46.466 25575-25575/com.cypress.cysmart V/CYSMART:  , [Bootloader Service|Bootloader Data Characteristic] Write request sent with value , [ 01 3A 03 00 01 CC 01 F4 FE 17  ]
2019-01-02 17:12:46.491 25575-25594/com.cypress.cysmart D/CYSMART:  , [Bootloader Service|Bootloader Data Characteristic] Write request status - Success
2019-01-02 17:12:46.504 25575-25575/com.cypress.cysmart I/CySmart Android: CYRET_SUCCESS

2019-01-02 17:12:46.516 25575-25575/com.cypress.cysmart E/CySmart Android: Row: 248Start Pos: 0mStartRow: 13959168mEndRow: 33488896Row No:30212096
2019-01-02 17:12:46.516 25575-25575/com.cypress.cysmart E/CySmart Android: Array id: 1 Shared Array id: 1
2019-01-02 17:12:46.516 25575-25575/com.cypress.cysmart E/CySmart Android: OTAProgramRowCmd send size--->138
2019-01-02 17:12:46.531 25575-25575/com.cypress.cysmart V/CYSMART:  , [Bootloader Service|Bootloader Data Characteristic] Write request sent with value , [ 01 39 83 00 01 CD 01 18 00 FF F7 D7 FF 03 1E 16 D1 0D 4B 1B 68 7A 68 D2 00 03 21 91 40 0A 00 D2 43 13 40 FB 60 3B 68 03 22 1A 40 7B 68 DB 00 9A 40 13 00 FA 68 13 43 FB 60 03 4B FA 68 1A 60 C0 46 BD 46 04 B0 80 BD 0C 02 0B 40 80 B5 84 B0 00 AF 78 60 39 60 7B 68 00 2B 02 D0 7B 68 01 2B 01 D1 01 23 00 E0 00 23 00 2B 02 D1 00 20 FF F7 7F FE 7B 68 18 00 FF F7 A1 FF 03 1E 16 D1 0D 4B 1B 68 7A 68 D2 00 02 32 7C CF 17  ]
2019-01-02 17:12:46.749 25575-1531/com.cypress.cysmart D/CYSMART:  , [Bootloader Service|Bootloader Data Characteristic] Write request status - Success
2019-01-02 17:12:46.778 25575-25575/com.cypress.cysmart I/CySmart Android: CYRET_SUCCESS
2019-01-02 17:12:46.786 25575-25575/com.cypress.cysmart E/CySmart Android: OTAVerifyRowCmd
2019-01-02 17:12:46.796 25575-25575/com.cypress.cysmart V/CYSMART:  , [Bootloader Service|Bootloader Data Characteristic] Write request sent with value , [ 01 3A 03 00 01 CD 01 F3 FE 17  ]
2019-01-02 17:12:46.815 25575-25594/com.cypress.cysmart D/CYSMART:  , [Bootloader Service|Bootloader Data Characteristic] Write request status - Success
2019-01-02 17:12:46.825 25575-25575/com.cypress.cysmart I/CySmart Android: CYRET_SUCCESS

2019-01-02 17:12:46.835 25575-25581/com.cypress.cysmart I/zygote64: Do partial code cache collection, code=1508KB, data=904KB
2019-01-02 17:12:46.836 25575-25575/com.cypress.cysmart E/CySmart Android: Row: 249Start Pos: 0mStartRow: 13959168mEndRow: 33488896Row No:30277632
2019-01-02 17:12:46.836 25575-25575/com.cypress.cysmart E/CySmart Android: Array id: 1 Shared Array id: 1
2019-01-02 17:12:46.837 25575-25575/com.cypress.cysmart E/CySmart Android: OTAProgramRowCmd send size--->138
2019-01-02 17:12:46.851 25575-25581/com.cypress.cysmart I/zygote64: After code cache collection, code=1508KB, data=904KB
2019-01-02 17:12:46.854 25575-25581/com.cypress.cysmart I/zygote64: Increasing code cache capacity to 4MB
2019-01-02 17:12:46.854 25575-25575/com.cypress.cysmart V/CYSMART:  , [Bootloader Service|Bootloader Data Characteristic] Write request sent with value , [ 01 39 83 00 01 CE 01 01 21 91 40 0A 00 D2 43 13 40 FB 60 7B 68 DB 00 02 33 3A 68 9A 40 13 00 FA 68 13 43 FB 60 03 4B FA 68 1A 60 C0 46 BD 46 04 B0 80 BD 0C 02 0B 40 80 B5 82 B0 00 AF 78 60 14 4B 14 4A 11 68 7A 68 0A 43 1A 60 7B 68 01 22 13 40 05 D0 C0 46 00 20 FF F7 70 FF 03 1E FA D0 7A 68 80 23 5B 00 13 40 05 D0 C0 46 01 20 FF F7 65 FF 03 1E FA D0 7A 68 80 23 5B 02 13 40 05 D0 C0 46 02 20 FF F7 5A FF 3B CD 17  ]
2019-01-02 17:12:47.067 25575-1531/com.cypress.cysmart D/CYSMART:  , [Bootloader Service|Bootloader Data Characteristic] Write request status - Success
2019-01-02 17:12:47.090 25575-25575/com.cypress.cysmart I/CySmart Android: CYRET_SUCCESS
2019-01-02 17:12:47.096 25575-25575/com.cypress.cysmart E/CySmart Android: OTAVerifyRowCmd
2019-01-02 17:12:47.108 25575-25575/com.cypress.cysmart V/CYSMART:  , [Bootloader Service|Bootloader Data Characteristic] Write request sent with value , [ 01 3A 03 00 01 CE 01 F2 FE 17  ]
2019-01-02 17:12:47.132 25575-25594/com.cypress.cysmart D/CYSMART:  , [Bootloader Service|Bootloader Data Characteristic] Write request status - Success
2019-01-02 17:12:47.152 25575-25575/com.cypress.cysmart I/CySmart Android: CYRET_SUCCESS

2019-01-02 17:12:47.174 25575-25575/com.cypress.cysmart E/CySmart Android: Row: 250Start Pos: 0mStartRow: 13959168mEndRow: 33488896Row No:30343168
2019-01-02 17:12:47.174 25575-25575/com.cypress.cysmart E/CySmart Android: Array id: 1 Shared Array id: 1
2019-01-02 17:12:47.174 25575-25575/com.cypress.cysmart E/CySmart Android: OTAProgramRowCmd send size--->138
2019-01-02 17:12:47.183 25575-25575/com.cypress.cysmart V/CYSMART:  , [Bootloader Service|Bootloader Data Characteristic] Write request sent with value , [ 01 39 83 00 01 CF 01 03 1E FA D0 C0 46 BD 46 02 B0 80 BD 10 02 0B 40 80 B5 84 B0 00 AF 78 60 39 60 7B 68 00 2B 02 D0 7B 68 01 2B 01 D1 01 23 00 E0 00 23 00 2B 02 D1 00 20 FF F7 19 FE 17 4B 1B 68 9B 0F 9B 07 01 D1 C9 23 00 E0 5D 23 18 00 FF F7 52 FE 12 4B 1B 68 FB 60 7B 68 1B 01 11 4A 9A 40 13 00 DA 43 FB 68 13 40 FB 60 0C 4B 7A 68 12 01 39 68 91 40 FA 68 0A 43 1A 60 07 4B 1B 68 9B 0F 9B 07 01 D1 43 23 F9 D0 17  ]
2019-01-02 17:12:47.404 25575-25594/com.cypress.cysmart D/CYSMART:  , [Bootloader Service|Bootloader Data Characteristic] Write request status - Success
2019-01-02 17:12:47.436 25575-25575/com.cypress.cysmart I/CySmart Android: CYRET_SUCCESS
2019-01-02 17:12:47.444 25575-25575/com.cypress.cysmart E/CySmart Android: OTAVerifyRowCmd
2019-01-02 17:12:47.456 25575-25575/com.cypress.cysmart V/CYSMART:  , [Bootloader Service|Bootloader Data Characteristic] Write request sent with value , [ 01 3A 03 00 01 CF 01 F1 FE 17  ]
2019-01-02 17:12:47.482 25575-25594/com.cypress.cysmart D/CYSMART:  , [Bootloader Service|Bootloader Data Characteristic] Write request status - Success
2019-01-02 17:12:47.505 25575-25575/com.cypress.cysmart I/CySmart Android: CYRET_SUCCESS

2019-01-02 17:12:47.526 25575-25575/com.cypress.cysmart E/CySmart Android: Row: 251Start Pos: 0mStartRow: 13959168mEndRow: 33488896Row No:30408704
2019-01-02 17:12:47.526 25575-25575/com.cypress.cysmart E/CySmart Android: Array id: 1 Shared Array id: 1
2019-01-02 17:12:47.526 25575-25575/com.cypress.cysmart E/CySmart Android: OTAProgramRowCmd send size--->138
2019-01-02 17:12:47.539 25575-25575/com.cypress.cysmart V/CYSMART:  , [Bootloader Service|Bootloader Data Characteristic] Write request sent with value , [ 01 39 83 00 01 D0 01 00 E0 1F 23 18 00 FF F7 33 FE C0 46 BD 46 04 B0 80 BD C0 46 0C 02 0B 40 08 02 0B 40 FF FF 00 00 90 B5 85 B0 00 AF 78 60 0B 23 FC 18 00 F0 C5 F8 03 00 23 70 FF F7 C6 FE 03 1E 04 D0 01 23 FB 60 FF F7 D0 FE 01 E0 00 23 FB 60 7B 68 0D 4A 13 40 7B 60 0D 4B 0C 4A 12 68 0C 49 11 40 7A 68 0A 43 1A 60 09 4B 1B 68 FB 68 01 2B 01 D1 FF F7 90 FE 0B 23 FB 18 1B 78 18 00 00 F0 A3 F8 C0 46 BD 46 72 CA 17  ]
2019-01-02 17:12:47.763 25575-29915/com.cypress.cysmart D/CYSMART:  , [Bootloader Service|Bootloader Data Characteristic] Write request status - Success
2019-01-02 17:12:47.795 25575-25575/com.cypress.cysmart I/CySmart Android: CYRET_SUCCESS
2019-01-02 17:12:47.804 25575-25575/com.cypress.cysmart E/CySmart Android: OTAVerifyRowCmd
2019-01-02 17:12:47.819 25575-25575/com.cypress.cysmart V/CYSMART:  , [Bootloader Service|Bootloader Data Characteristic] Write request sent with value , [ 01 3A 03 00 01 D0 01 F0 FE 17  ]
2019-01-02 17:12:47.841 25575-29915/com.cypress.cysmart D/CYSMART:  , [Bootloader Service|Bootloader Data Characteristic] Write request status - Success
2019-01-02 17:12:47.859 25575-25575/com.cypress.cysmart I/CySmart Android: CYRET_SUCCESS

2019-01-02 17:12:47.880 25575-25575/com.cypress.cysmart E/CySmart Android: Row: 252Start Pos: 0mStartRow: 13959168mEndRow: 33488896Row No:30474240
2019-01-02 17:12:47.880 25575-25575/com.cypress.cysmart E/CySmart Android: Array id: 1 Shared Array id: 1
2019-01-02 17:12:47.880 25575-25575/com.cypress.cysmart E/CySmart Android: OTAProgramRowCmd send size--->138
2019-01-02 17:12:47.893 25575-25575/com.cypress.cysmart V/CYSMART:  , [Bootloader Service|Bootloader Data Characteristic] Write request sent with value , [ 01 39 83 00 01 D1 01 05 B0 90 BD 04 04 04 00 10 02 0B 40 FB FB FB FF 80 B5 82 B0 00 AF 78 60 08 4B 08 4A 11 68 7A 68 07 48 02 40 0A 43 1A 60 C0 46 04 4B 1B 68 04 4A 13 40 FA D1 C0 46 BD 46 02 B0 80 BD 10 02 0B 40 08 08 08 00 80 B5 82 B0 00 AF 78 60 00 F0 5E F8 7B 68 18 00 00 F0 18 F8 03 20 00 F0 23 F8 00 F0 49 F8 C0 46 BD 46 02 B0 80 BD C0 46 80 B5 00 AF 00 F0 4C F8 03 4B 18 00 00 F0 06 F8 C0 46 BD 46 1D CD 17  ]
2019-01-02 17:12:48.117 25575-29915/com.cypress.cysmart D/CYSMART:  , [Bootloader Service|Bootloader Data Characteristic] Write request status - Success
2019-01-02 17:12:48.152 25575-25575/com.cypress.cysmart I/CySmart Android: CYRET_SUCCESS
2019-01-02 17:12:48.157 25575-25575/com.cypress.cysmart E/CySmart Android: OTAVerifyRowCmd
