2019-01-02 17:00:03.140 25575-25575/com.cypress.cysmart E/CySmart Android: Enabled characteristic size-->0
2019-01-02 17:00:03.186 25575-25575/com.cypress.cysmart E/CySmart Android: Action viewfalse
2019-01-02 17:00:03.715 25575-25575/com.cypress.cysmart I/CySmart Android: disconnect called
2019-01-02 17:00:03.716 25575-25575/com.cypress.cysmart D/BluetoothGatt: refresh() - device: BB:A0:51:D2:23:E3
2019-01-02 17:00:03.718 25575-25575/com.cypress.cysmart D/BluetoothGatt: cancelOpen() - device: BB:A0:51:D2:23:E3
2019-01-02 17:00:03.725 25575-25596/com.cypress.cysmart D/BluetoothGatt: onClientConnectionState() - status=0 clientIf=7 device=BB:A0:51:D2:23:E3
2019-01-02 17:00:03.725 25575-25596/com.cypress.cysmart I/CySmart Android: onConnectionStateChange
2019-01-02 17:00:03.726 25575-25596/com.cypress.cysmart I/CySmart Android: action :com.example.bluetooth.le.ACTION_GATT_DISCONNECTED
2019-01-02 17:00:03.731 25575-25575/com.cypress.cysmart D/BluetoothGatt: close()
2019-01-02 17:00:03.731 25575-25575/com.cypress.cysmart D/BluetoothGatt: unregisterApp() - mClientIf=7
2019-01-02 17:00:03.764 25575-25575/com.cypress.cysmart E/CySmart Android: onReceive--false
2019-01-02 17:00:03.769 25575-25575/com.cypress.cysmart E/CySmart Android: Not in PSF and SCF
2019-01-02 17:00:03.840 25575-25575/com.cypress.cysmart D/CySmart Android: Phone
2019-01-02 17:00:03.952 25575-25575/com.cypress.cysmart D/BluetoothAdapter: startLeScan(): null
2019-01-02 17:00:03.954 25575-25575/com.cypress.cysmart D/BluetoothAdapter: isLeEnabled(): ON
2019-01-02 17:00:03.959 25575-25596/com.cypress.cysmart D/BluetoothLeScanner: onScannerRegistered() - status=0 scannerId=7 mScannerId=0
2019-01-02 17:00:03.971 25575-25575/com.cypress.cysmart E/CySmart Android: newIntent
2019-01-02 17:00:03.971 25575-25575/com.cypress.cysmart E/CySmart Android: onResume-->activity
2019-01-02 17:00:03.973 25575-25575/com.cypress.cysmart E/CySmart Android: Scanning onResume
2019-01-02 17:00:03.976 25575-25575/com.cypress.cysmart E/CySmart Android: Registering receiver in Profile scannng
2019-01-02 17:00:05.949 25575-29821/com.cypress.cysmart D/BluetoothAdapter: stopLeScan()
2019-01-02 17:00:05.954 25575-29821/com.cypress.cysmart D/BluetoothAdapter: isLeEnabled(): ON
2019-01-02 17:00:05.957 25575-29821/com.cypress.cysmart D/BluetoothAdapter: stopLeScan()
2019-01-02 17:00:05.957 25575-29821/com.cypress.cysmart D/BluetoothAdapter: scan not started yet
2019-01-02 17:00:06.704 25575-25575/com.cypress.cysmart E/CySmart Android: Scanning onPause
2019-01-02 17:00:06.704 25575-25575/com.cypress.cysmart E/CySmart Android: UN Registering receiver in Profile scannng
2019-01-02 17:00:06.730 25575-25575/com.cypress.cysmart W/IInputConnectionWrapper: getExtractedText on inactive InputConnection
2019-01-02 17:00:06.733 25575-25575/com.cypress.cysmart W/IInputConnectionWrapper: getTextBeforeCursor on inactive InputConnection
2019-01-02 17:07:19.605 25575-25575/com.cypress.cysmart E/CySmart Android: onResume-->activity
2019-01-02 17:07:19.609 25575-25575/com.cypress.cysmart E/CySmart Android: Scanning onResume
2019-01-02 17:07:19.622 25575-25575/com.cypress.cysmart D/BluetoothAdapter: startLeScan(): null
2019-01-02 17:07:19.628 25575-25575/com.cypress.cysmart D/BluetoothAdapter: isLeEnabled(): ON
2019-01-02 17:07:19.634 25575-29915/com.cypress.cysmart D/BluetoothLeScanner: onScannerRegistered() - status=0 scannerId=7 mScannerId=0
2019-01-02 17:07:19.655 25575-25575/com.cypress.cysmart E/CySmart Android: Registering receiver in Profile scannng
2019-01-02 17:07:21.620 25575-31902/com.cypress.cysmart D/BluetoothAdapter: stopLeScan()
2019-01-02 17:07:21.623 25575-31902/com.cypress.cysmart D/BluetoothAdapter: isLeEnabled(): ON
2019-01-02 17:07:21.629 25575-31902/com.cypress.cysmart D/BluetoothAdapter: stopLeScan()
2019-01-02 17:07:21.630 25575-31902/com.cypress.cysmart D/BluetoothAdapter: scan not started yet
2019-01-02 17:07:22.376 25575-25575/com.cypress.cysmart D/BluetoothAdapter: stopLeScan()
2019-01-02 17:07:22.377 25575-25575/com.cypress.cysmart D/BluetoothAdapter: scan not started yet
2019-01-02 17:07:22.379 25575-25575/com.cypress.cysmart E/CySmart Android: BLE DISCONNECTED STATE
2019-01-02 17:07:22.380 25575-25575/com.cypress.cysmart D/BluetoothGatt: connect() - device: BB:A0:51:D2:23:E3, auto: false
2019-01-02 17:07:22.380 25575-25575/com.cypress.cysmart D/BluetoothGatt: registerApp()
2019-01-02 17:07:22.380 25575-25575/com.cypress.cysmart D/BluetoothGatt: registerApp() - UUID=0c9dd710-3271-46c5-8e06-92e3b9799b9c
2019-01-02 17:07:22.384 25575-25575/com.cypress.cysmart D/BluetoothGatt: refresh() - device: BB:A0:51:D2:23:E3
2019-01-02 17:07:22.389 25575-25596/com.cypress.cysmart D/BluetoothGatt: onClientRegistered() - status=0 clientIf=7
2019-01-02 17:07:22.436 25575-29915/com.cypress.cysmart D/BluetoothGatt: onClientConnectionState() - status=0 clientIf=7 device=BB:A0:51:D2:23:E3
2019-01-02 17:07:22.436 25575-29915/com.cypress.cysmart I/CySmart Android: onConnectionStateChange
2019-01-02 17:07:22.436 25575-29915/com.cypress.cysmart I/CySmart Android: action :com.example.bluetooth.le.ACTION_GATT_CONNECTED
2019-01-02 17:07:22.491 25575-25575/com.cypress.cysmart E/CySmart Android: Scanning onPause
2019-01-02 17:07:22.491 25575-25575/com.cypress.cysmart E/CySmart Android: UN Registering receiver in Profile scannng
2019-01-02 17:07:22.492 25575-25575/com.cypress.cysmart D/BluetoothAdapter: stopLeScan()
2019-01-02 17:07:22.501 25575-25575/com.cypress.cysmart D/BluetoothAdapter: scan not started yet
2019-01-02 17:07:22.530 25575-25575/com.cypress.cysmart E/CySmart Android: Service discovery onResume
2019-01-02 17:07:22.837 25575-29915/com.cypress.cysmart D/BluetoothGatt: onConnectionUpdated() - Device=BB:A0:51:D2:23:E3 interval=9 latency=0 timeout=100 status=0
2019-01-02 17:07:23.017 25575-29915/com.cypress.cysmart D/BluetoothGatt: onConnectionUpdated() - Device=BB:A0:51:D2:23:E3 interval=6 latency=0 timeout=500 status=0
2019-01-02 17:07:23.030 25575-25575/com.cypress.cysmart E/CySmart Android: Discover service called
2019-01-02 17:07:23.030 25575-25575/com.cypress.cysmart D/BluetoothGatt: discoverServices() - device: BB:A0:51:D2:23:E3
2019-01-02 17:07:23.298 25575-29915/com.cypress.cysmart D/BluetoothGatt: onSearchComplete() = Device=BB:A0:51:D2:23:E3 Status=0
2019-01-02 17:07:23.305 25575-29915/com.cypress.cysmart I/CySmart Android: action :com.example.bluetooth.le.ACTION_GATT_SERVICES_DISCOVERED
2019-01-02 17:07:23.309 25575-25575/com.cypress.cysmart E/CySmart Android: Service discovered
2019-01-02 17:07:23.325 25575-25575/com.cypress.cysmart D/BluetoothGatt: configureMTU() - device: BB:A0:51:D2:23:E3 mtu: 512
2019-01-02 17:07:23.340 25575-29915/com.cypress.cysmart D/BluetoothGatt: onConfigureMTU() - Device=BB:A0:51:D2:23:E3 mtu=23 status=0
2019-01-02 17:07:23.362 25575-29915/com.cypress.cysmart D/BluetoothGatt: onConnectionUpdated() - Device=BB:A0:51:D2:23:E3 interval=9 latency=0 timeout=100 status=0
2019-01-02 17:07:23.363 25575-25575/com.cypress.cysmart E/CySmart Android: Action viewfalse
2019-01-02 17:07:27.857 25575-25575/com.cypress.cysmart E/CySmart Android: secondFilePath-->
2019-01-02 17:07:27.865 25575-25575/com.cypress.cysmart I/BluetoothDevice: createBond() for device BB:A0:51:D2:23:E3 called by pid: 25575 tid: 25575
2019-01-02 17:07:27.889 25575-25575/com.cypress.cysmart E/CySmart Android: Action viewfalse
2019-01-02 17:07:27.959 25575-25575/com.cypress.cysmart E/CySmart Android: Started Timer
2019-01-02 17:07:27.962 25575-25575/com.cypress.cysmart I/CySmart Android: Bonding is in process....
2019-01-02 17:07:27.983 25575-25596/com.cypress.cysmart D/BluetoothGatt: onConnectionUpdated() - Device=BB:A0:51:D2:23:E3 interval=6 latency=0 timeout=500 status=0
2019-01-02 17:07:28.000 25575-25575/com.cypress.cysmart E/CySmart Android: Started Timer
2019-01-02 17:07:28.141 25575-25575/com.cypress.cysmart E/CySmart Android: HomepageActivity--->Bonded
2019-01-02 17:07:28.141 25575-25575/com.cypress.cysmart E/CySmart Android: Stopped Timer
2019-01-02 17:07:28.594 25575-29915/com.cypress.cysmart D/BluetoothGatt: onConnectionUpdated() - Device=BB:A0:51:D2:23:E3 interval=9 latency=0 timeout=100 status=0
2019-01-02 17:07:31.076 25575-25575/com.cypress.cysmart D/CySmart Android: Phone
2019-01-02 17:07:34.863 25575-25581/com.cypress.cysmart I/zygote64: Do full code cache collection, code=1006KB, data=660KB
2019-01-02 17:07:34.865 25575-25581/com.cypress.cysmart I/zygote64: After code cache collection, code=1003KB, data=604KB
2019-01-02 17:07:40.051 25575-25581/com.cypress.cysmart I/zygote64: Do partial code cache collection, code=1005KB, data=608KB
2019-01-02 17:07:40.053 25575-25581/com.cypress.cysmart I/zygote64: After code cache collection, code=1005KB, data=608KB
2019-01-02 17:07:40.053 25575-25581/com.cypress.cysmart I/zygote64: Increasing code cache capacity to 3MB
2019-01-02 17:07:52.676 25575-25575/com.cypress.cysmart E/CySmart Android: onResume-->activity
2019-01-02 17:07:54.984 25575-25575/com.cypress.cysmart D/CySmart Android: Phone
2019-01-02 17:08:17.873 25575-25575/com.cypress.cysmart E/CySmart Android: onResume-->activity
2019-01-02 17:08:25.205 25575-25575/com.cypress.cysmart D/CySmart Android: Phone
2019-01-02 17:09:18.140 25575-25575/com.cypress.cysmart E/CySmart Android: onResume-->activity
2019-01-02 17:09:19.252 25575-25575/com.cypress.cysmart E/CySmart Android: Action viewfalse
2019-01-02 17:09:19.995 25575-25575/com.cypress.cysmart I/CySmart Android: disconnect called
2019-01-02 17:09:19.996 25575-25575/com.cypress.cysmart D/BluetoothGatt: refresh() - device: BB:A0:51:D2:23:E3
2019-01-02 17:09:20.003 25575-25575/com.cypress.cysmart D/BluetoothGatt: cancelOpen() - device: BB:A0:51:D2:23:E3
2019-01-02 17:09:20.017 25575-29915/com.cypress.cysmart D/BluetoothGatt: onClientConnectionState() - status=0 clientIf=7 device=BB:A0:51:D2:23:E3
2019-01-02 17:09:20.018 25575-29915/com.cypress.cysmart I/CySmart Android: onConnectionStateChange
2019-01-02 17:09:20.018 25575-29915/com.cypress.cysmart I/CySmart Android: action :com.example.bluetooth.le.ACTION_GATT_DISCONNECTED
2019-01-02 17:09:20.034 25575-25575/com.cypress.cysmart D/BluetoothGatt: close()
2019-01-02 17:09:20.034 25575-25575/com.cypress.cysmart D/BluetoothGatt: unregisterApp() - mClientIf=7
2019-01-02 17:09:20.069 25575-25575/com.cypress.cysmart E/CySmart Android: onReceive--false
2019-01-02 17:09:20.074 25575-25575/com.cypress.cysmart E/CySmart Android: Not in PSF and SCF
2019-01-02 17:09:20.109 25575-25575/com.cypress.cysmart D/CySmart Android: Phone
2019-01-02 17:09:20.165 25575-25575/com.cypress.cysmart D/BluetoothAdapter: startLeScan(): null
2019-01-02 17:09:20.167 25575-25575/com.cypress.cysmart D/BluetoothAdapter: isLeEnabled(): ON
2019-01-02 17:09:20.169 25575-29915/com.cypress.cysmart D/BluetoothLeScanner: onScannerRegistered() - status=0 scannerId=7 mScannerId=0
2019-01-02 17:09:20.181 25575-25575/com.cypress.cysmart E/CySmart Android: newIntent
2019-01-02 17:09:20.182 25575-25575/com.cypress.cysmart E/CySmart Android: onResume-->activity
2019-01-02 17:09:20.183 25575-25575/com.cypress.cysmart E/CySmart Android: Scanning onResume
2019-01-02 17:09:20.185 25575-25575/com.cypress.cysmart E/CySmart Android: Registering receiver in Profile scannng
2019-01-02 17:09:22.166 25575-32551/com.cypress.cysmart D/BluetoothAdapter: stopLeScan()
2019-01-02 17:09:22.171 25575-32551/com.cypress.cysmart D/BluetoothAdapter: isLeEnabled(): ON
2019-01-02 17:09:22.177 25575-32551/com.cypress.cysmart D/BluetoothAdapter: stopLeScan()
2019-01-02 17:09:22.179 25575-32551/com.cypress.cysmart D/BluetoothAdapter: scan not started yet
2019-01-02 17:09:22.417 25575-25575/com.cypress.cysmart E/CySmart Android: Scanning onPause
2019-01-02 17:09:22.417 25575-25575/com.cypress.cysmart E/CySmart Android: UN Registering receiver in Profile scannng
2019-01-02 17:09:22.890 25575-25575/com.cypress.cysmart D/BluetoothAdapter: stopLeScan()
2019-01-02 17:09:22.891 25575-25575/com.cypress.cysmart D/BluetoothAdapter: scan not started yet
2019-01-02 17:09:34.239 25575-25584/com.cypress.cysmart I/zygote64: Debugger is no longer active
2019-01-02 17:10:56.776 25575-25575/com.cypress.cysmart D/CySmart Android: Phone
2019-01-02 17:10:56.852 25575-25575/com.cypress.cysmart D/BluetoothAdapter: startLeScan(): null
2019-01-02 17:10:56.855 25575-25575/com.cypress.cysmart D/BluetoothAdapter: isLeEnabled(): ON
2019-01-02 17:10:56.865 25575-1531/com.cypress.cysmart D/BluetoothLeScanner: onScannerRegistered() - status=0 scannerId=7 mScannerId=0
2019-01-02 17:10:56.887 25575-25575/com.cypress.cysmart E/CySmart Android: onResume-->activity
2019-01-02 17:10:56.889 25575-25575/com.cypress.cysmart E/CySmart Android: Scanning onResume
2019-01-02 17:10:56.898 25575-25575/com.cypress.cysmart E/CySmart Android: Registering receiver in Profile scannng
2019-01-02 17:10:58.852 25575-1679/com.cypress.cysmart D/BluetoothAdapter: stopLeScan()
2019-01-02 17:10:58.856 25575-1679/com.cypress.cysmart D/BluetoothAdapter: isLeEnabled(): ON
2019-01-02 17:10:58.861 25575-1679/com.cypress.cysmart D/BluetoothAdapter: stopLeScan()
2019-01-02 17:10:58.862 25575-1679/com.cypress.cysmart D/BluetoothAdapter: scan not started yet
2019-01-02 17:10:59.584 25575-25575/com.cypress.cysmart D/BluetoothAdapter: stopLeScan()
2019-01-02 17:10:59.587 25575-25575/com.cypress.cysmart D/BluetoothAdapter: scan not started yet
2019-01-02 17:10:59.594 25575-25575/com.cypress.cysmart E/CySmart Android: BLE DISCONNECTED STATE
2019-01-02 17:10:59.597 25575-25575/com.cypress.cysmart D/BluetoothGatt: connect() - device: BB:A0:51:D2:23:E3, auto: false
2019-01-02 17:10:59.598 25575-25575/com.cypress.cysmart D/BluetoothGatt: registerApp()
2019-01-02 17:10:59.599 25575-25575/com.cypress.cysmart D/BluetoothGatt: registerApp() - UUID=e186328e-bfa9-4605-ab39-fbc7b0bd89a6
2019-01-02 17:10:59.604 25575-25575/com.cypress.cysmart D/BluetoothGatt: refresh() - device: BB:A0:51:D2:23:E3
2019-01-02 17:10:59.606 25575-1531/com.cypress.cysmart D/BluetoothGatt: onClientRegistered() - status=0 clientIf=7
2019-01-02 17:10:59.874 25575-1531/com.cypress.cysmart D/BluetoothGatt: onClientConnectionState() - status=0 clientIf=7 device=BB:A0:51:D2:23:E3
2019-01-02 17:10:59.874 25575-1531/com.cypress.cysmart I/CySmart Android: onConnectionStateChange
2019-01-02 17:10:59.874 25575-1531/com.cypress.cysmart I/CySmart Android: action :com.example.bluetooth.le.ACTION_GATT_CONNECTED
2019-01-02 17:10:59.909 25575-25575/com.cypress.cysmart E/CySmart Android: Scanning onPause
2019-01-02 17:10:59.909 25575-25575/com.cypress.cysmart E/CySmart Android: UN Registering receiver in Profile scannng
2019-01-02 17:10:59.911 25575-25575/com.cypress.cysmart D/BluetoothAdapter: stopLeScan()
2019-01-02 17:10:59.915 25575-25575/com.cypress.cysmart D/BluetoothAdapter: scan not started yet
2019-01-02 17:10:59.957 25575-25575/com.cypress.cysmart E/CySmart Android: Service discovery onResume
2019-01-02 17:11:00.319 25575-1531/com.cypress.cysmart D/BluetoothGatt: onConnectionUpdated() - Device=BB:A0:51:D2:23:E3 interval=9 latency=0 timeout=100 status=0
2019-01-02 17:11:00.457 25575-25575/com.cypress.cysmart E/CySmart Android: Discover service called
2019-01-02 17:11:00.457 25575-25575/com.cypress.cysmart D/BluetoothGatt: discoverServices() - device: BB:A0:51:D2:23:E3
2019-01-02 17:11:00.578 25575-1531/com.cypress.cysmart D/BluetoothGatt: onConnectionUpdated() - Device=BB:A0:51:D2:23:E3 interval=6 latency=0 timeout=500 status=0
2019-01-02 17:11:00.822 25575-1531/com.cypress.cysmart D/BluetoothGatt: onSearchComplete() = Device=BB:A0:51:D2:23:E3 Status=0
2019-01-02 17:11:00.826 25575-1531/com.cypress.cysmart I/CySmart Android: action :com.example.bluetooth.le.ACTION_GATT_SERVICES_DISCOVERED
2019-01-02 17:11:00.829 25575-25575/com.cypress.cysmart E/CySmart Android: Service discovered
2019-01-02 17:11:00.852 25575-25575/com.cypress.cysmart D/BluetoothGatt: configureMTU() - device: BB:A0:51:D2:23:E3 mtu: 512
2019-01-02 17:11:00.872 25575-1531/com.cypress.cysmart D/BluetoothGatt: onConfigureMTU() - Device=BB:A0:51:D2:23:E3 mtu=23 status=0
2019-01-02 17:11:00.887 25575-25594/com.cypress.cysmart D/BluetoothGatt: onConnectionUpdated() - Device=BB:A0:51:D2:23:E3 interval=9 latency=0 timeout=100 status=0
2019-01-02 17:11:00.888 25575-25575/com.cypress.cysmart E/CySmart Android: Action viewfalse
2019-01-02 17:11:03.210 25575-25575/com.cypress.cysmart E/CySmart Android: secondFilePath-->
2019-01-02 17:11:03.224 25575-25575/com.cypress.cysmart E/CySmart Android: Action viewfalse
2019-01-02 17:11:04.165 25575-25575/com.cypress.cysmart D/CySmart Android: Phone
2019-01-02 17:11:24.813 25575-25575/com.cypress.cysmart D/BluetoothGatt: setCharacteristicNotification() - uuid: 00060001-f8ce-11e4-abf4-0002a5d5c51b enable: true
2019-01-02 17:11:24.831 25575-25594/com.cypress.cysmart E/CySmart Android: added notify characteristic
2019-01-02 17:11:24.836 25575-25575/com.cypress.cysmart E/CySmart Android: PATH>>>/storage/emulated/0/CySmart/bootloadable.cyacd
2019-01-02 17:11:24.838 25575-25575/com.cypress.cysmart E/CySmart Android: onResume-->activity

2019-01-02 17:11:26.005 25575-25575/com.cypress.cysmart E/CySmart Android: OTAEnterBootLoaderCmd
2019-01-02 17:11:26.014 25575-25575/com.cypress.cysmart V/CYSMART:  , [Bootloader Service|Bootloader Data Characteristic] Write request sent with value , [ 01 38 00 00 C7 FF 17  ]
2019-01-02 17:11:26.044 25575-1531/com.cypress.cysmart D/CYSMART:  , [Bootloader Service|Bootloader Data Characteristic] Write request status - Success
2019-01-02 17:11:26.066 25575-25575/com.cypress.cysmart E/CySmart Android: Response>>>>>010008009E11500E003C0101ACFE17
2019-01-02 17:11:26.066 25575-25575/com.cypress.cysmart I/CySmart Android: CYRET_SUCCESS
2019-01-02 17:11:26.074 25575-25575/com.cypress.cysmart E/CySmart Android: OTAGetFlashSizeCmd
2019-01-02 17:11:26.081 25575-25575/com.cypress.cysmart V/CYSMART:  , [Bootloader Service|Bootloader Data Characteristic] Write request sent with value , [ 01 32 01 00 01 CB FF 17  ]
2019-01-02 17:11:26.108 25575-25594/com.cypress.cysmart D/CYSMART:  , [Bootloader Service|Bootloader Data Characteristic] Write request status - Success
2019-01-02 17:11:26.128 25575-25575/com.cypress.cysmart E/CySmart Android: Get flash size Response>>>>>01000400D500FF0126FE17
2019-01-02 17:11:26.128 25575-25575/com.cypress.cysmart I/CySmart Android: CYRET_SUCCESS
2019-01-02 17:11:26.133 25575-25575/com.cypress.cysmart E/CySmart Android: Row: 0Start Pos: 0mStartRow: 13959168mEndRow: 33488896Row No:13959168
2019-01-02 17:11:26.134 25575-25575/com.cypress.cysmart E/CySmart Android: Array id: 1 Shared Array id: 1
2019-01-02 17:11:26.134 25575-25575/com.cypress.cysmart E/CySmart Android: OTAProgramRowCmd send size--->138
2019-01-02 17:11:26.164 25575-25575/com.cypress.cysmart V/CYSMART:  , [Bootloader Service|Bootloader Data Characteristic] Write request sent with value , [ 01 39 83 00 01 D5 00 00 40 00 20 91 6A 01 00 F1 CB 01 00 F1 CB 01 00 80 B5 00 AF 02 4B 83 F3 08 88 06 F0 DB F8 C0 46 00 40 00 20 80 B5 00 AF 37 4B 12 22 1A 60 07 F0 3F FD 36 4B 18 00 07 F0 77 FF 01 20 07 F0 48 FD 30 20 07 F0 53 FB 32 4B 32 4A 1A 60 32 4B 80 22 D2 05 1A 60 31 4B 31 4A 12 68 02 21 0A 43 1A 60 2F 4B 30 4A 1A 60 30 4B 00 22 1A 60 2F 4B 2F 4A 12 68 08 21 8A 43 1A 60 FA 23 DB 00 18 00 07 F0 4B D5 17  ]
2019-01-02 17:11:26.397 25575-1531/com.cypress.cysmart D/CYSMART:  , [Bootloader Service|Bootloader Data Characteristic] Write request status - Success
2019-01-02 17:11:26.418 25575-25575/com.cypress.cysmart I/CySmart Android: CYRET_SUCCESS
2019-01-02 17:11:26.424 25575-25575/com.cypress.cysmart E/CySmart Android: OTAVerifyRowCmd
2019-01-02 17:11:26.434 25575-25575/com.cypress.cysmart V/CYSMART:  , [Bootloader Service|Bootloader Data Characteristic] Write request sent with value , [ 01 3A 03 00 01 D5 00 EC FE 17  ]
2019-01-02 17:11:26.464 25575-25594/com.cypress.cysmart D/CYSMART:  , [Bootloader Service|Bootloader Data Characteristic] Write request status - Success
2019-01-02 17:11:26.484 25575-25575/com.cypress.cysmart I/CySmart Android: CYRET_SUCCESS

2019-01-02 17:11:26.506 25575-25575/com.cypress.cysmart E/CySmart Android: Row: 1Start Pos: 0mStartRow: 13959168mEndRow: 33488896Row No:14024704
2019-01-02 17:11:26.507 25575-25575/com.cypress.cysmart E/CySmart Android: Array id: 1 Shared Array id: 1
2019-01-02 17:11:26.507 25575-25575/com.cypress.cysmart E/CySmart Android: OTAProgramRowCmd send size--->138
2019-01-02 17:11:26.523 25575-25575/com.cypress.cysmart V/CYSMART:  , [Bootloader Service|Bootloader Data Characteristic] Write request sent with value , [ 01 39 83 00 01 D6 00 83 FB 2B 4B 18 00 07 F0 B3 FC 2A 4B A0 22 D2 00 1A 60 29 4B 29 4A 1A 60 29 4B 80 22 92 00 1A 60 25 4B 28 4A 1A 60 28 4B 28 4A 1A 60 22 4B 28 4A 1A 60 28 4B 00 22 1A 60 1F 4B 27 4A 1A 60 27 4B 80 22 92 00 1A 60 1C 4B 25 4A 1A 60 25 4B 80 22 12 06 1A 60 24 4B 80 22 D2 02 1A 60 23 4B 43 22 1A 60 23 4B 41 22 1A 60 22 4B 44 22 1A 60 22 4B 40 22 1A 60 21 4B 42 22 1A 60 07 4B 80 22 D2 05 86 DD 17  ]
2019-01-02 17:11:26.749 25575-1531/com.cypress.cysmart D/CYSMART:  , [Bootloader Service|Bootloader Data Characteristic] Write request status - Success
2019-01-02 17:11:26.777 25575-25575/com.cypress.cysmart I/CySmart Android: CYRET_SUCCESS
2019-01-02 17:11:26.783 25575-25575/com.cypress.cysmart E/CySmart Android: OTAVerifyRowCmd
2019-01-02 17:11:26.795 25575-25575/com.cypress.cysmart V/CYSMART:  , [Bootloader Service|Bootloader Data Characteristic] Write request sent with value , [ 01 3A 03 00 01 D6 00 EB FE 17  ]
2019-01-02 17:11:26.819 25575-25594/com.cypress.cysmart D/CYSMART:  , [Bootloader Service|Bootloader Data Characteristic] Write request status - Success
2019-01-02 17:11:26.832 25575-25575/com.cypress.cysmart I/CySmart Android: CYRET_SUCCESS

2019-01-02 17:11:26.850 25575-25575/com.cypress.cysmart E/CySmart Android: Row: 2Start Pos: 0mStartRow: 13959168mEndRow: 33488896Row No:14090240
2019-01-02 17:11:26.851 25575-25575/com.cypress.cysmart E/CySmart Android: Array id: 1 Shared Array id: 1
2019-01-02 17:11:26.851 25575-25575/com.cypress.cysmart E/CySmart Android: OTAProgramRowCmd send size--->138
2019-01-02 17:11:26.866 25575-25575/com.cypress.cysmart V/CYSMART:  , [Bootloader Service|Bootloader Data Characteristic] Write request sent with value , [ 01 39 83 00 01 D7 00 1A 60 C0 46 BD 46 80 BD 30 00 10 40 00 1B B7 00 04 01 0B 40 06 00 00 80 0C 02 0B 40 78 00 2E 40 7C 00 2E 40 69 69 00 00 64 F0 2E 40 6C F0 2E 40 DC 05 00 00 0C 03 01 40 00 00 01 40 43 FF 00 80 04 03 01 40 41 FF 00 80 10 03 01 40 00 7F 01 00 44 FF 00 80 00 03 01 40 40 FF 00 80 08 03 01 40 42 FF 00 80 08 01 0B 40 00 01 0B 40 24 01 01 40 20 01 01 40 1C 01 01 40 08 01 01 40 04 01 01 40 C3 E3 17  ]
2019-01-02 17:11:27.068 25575-29915/com.cypress.cysmart D/CYSMART:  , [Bootloader Service|Bootloader Data Characteristic] Write request status - Success
2019-01-02 17:11:27.083 25575-25575/com.cypress.cysmart I/CySmart Android: CYRET_SUCCESS
2019-01-02 17:11:27.087 25575-25575/com.cypress.cysmart E/CySmart Android: OTAVerifyRowCmd
2019-01-02 17:11:27.104 25575-25575/com.cypress.cysmart V/CYSMART:  , [Bootloader Service|Bootloader Data Characteristic] Write request sent with value , [ 01 3A 03 00 01 D7 00 EA FE 17  ]
2019-01-02 17:11:27.123 25575-25575/com.cypress.cysmart I/CySmart Android: CYRET_SUCCESS

2019-01-02 17:11:27.130 25575-25594/com.cypress.cysmart D/CYSMART:  , [Bootloader Service|Bootloader Data Characteristic] Write request status - Success
2019-01-02 17:11:27.131 25575-25575/com.cypress.cysmart E/CySmart Android: Row: 3Start Pos: 0mStartRow: 13959168mEndRow: 33488896Row No:14155776
2019-01-02 17:11:27.131 25575-25575/com.cypress.cysmart E/CySmart Android: Array id: 1 Shared Array id: 1
2019-01-02 17:11:27.131 25575-25575/com.cypress.cysmart E/CySmart Android: OTAProgramRowCmd send size--->138
2019-01-02 17:11:27.139 25575-25575/com.cypress.cysmart V/CYSMART:  , [Bootloader Service|Bootloader Data Characteristic] Write request sent with value , [ 01 39 83 00 01 D8 00 80 B5 82 B0 00 AF 72 B6 3F 4B 00 22 1A 60 FB 1D 00 22 1A 70 22 E0 FB 1D 1A 78 13 00 5B 00 9B 18 5B 00 3A 4A 9B 18 3B 60 3B 68 1A 78 59 78 09 02 0A 43 99 78 09 04 0A 43 DB 78 1B 06 13 43 18 00 3B 68 1A 79 5B 79 1B 02 13 43 9B B2 19 00 05 F0 AB FF FB 1D 1A 78 FB 1D 01 32 1A 70 FB 1D 1B 78 01 2B D8 D9 2A 4B 2B 4A 1A 60 2B 4B FF 22 1A 60 2A 4B F0 22 1A 60 2A 4B 99 22 12 04 1A 60 29 4B 6A D6 17  ]
2019-01-02 17:11:27.384 25575-25594/com.cypress.cysmart D/CYSMART:  , [Bootloader Service|Bootloader Data Characteristic] Write request status - Success
2019-01-02 17:11:27.404 25575-25575/com.cypress.cysmart I/CySmart Android: CYRET_SUCCESS
2019-01-02 17:11:27.406 25575-25575/com.cypress.cysmart E/CySmart Android: OTAVerifyRowCmd
2019-01-02 17:11:27.415 25575-25575/com.cypress.cysmart V/CYSMART:  , [Bootloader Service|Bootloader Data Characteristic] Write request sent with value , [ 01 3A 03 00 01 D8 00 E9 FE 17  ]
2019-01-02 17:11:27.437 25575-29915/com.cypress.cysmart D/CYSMART:  , [Bootloader Service|Bootloader Data Characteristic] Write request status - Success
2019-01-02 17:11:27.450 25575-25575/com.cypress.cysmart I/CySmart Android: CYRET_SUCCESS

2019-01-02 17:11:27.461 25575-25575/com.cypress.cysmart E/CySmart Android: Row: 4Start Pos: 0mStartRow: 13959168mEndRow: 33488896Row No:14221312
2019-01-02 17:11:27.462 25575-25575/com.cypress.cysmart E/CySmart Android: Array id: 1 Shared Array id: 1
2019-01-02 17:11:27.462 25575-25575/com.cypress.cysmart E/CySmart Android: OTAProgramRowCmd send size--->138
2019-01-02 17:11:27.475 25575-25575/com.cypress.cysmart V/CYSMART:  , [Bootloader Service|Bootloader Data Characteristic] Write request sent with value , [ 01 39 83 00 01 D9 00 99 22 12 04 1A 60 28 4B 99 22 12 04 1A 60 27 4A 26 4B 1B 78 DB B2 06 21 0B 43 DB B2 13 70 24 4B 20 22 1A 60 23 4B 24 4A 1A 60 24 4B 20 22 1A 60 23 4B 50 22 1A 60 23 4B 86 22 12 03 1A 60 22 4B 80 22 52 01 1A 60 21 4B 90 22 1A 60 20 4B 21 4A 1A 60 21 4B 01 22 1A 60 20 4B 0E 22 1A 60 20 4B 01 22 1A 60 1F 4B 03 22 1A 60 1F 4B 36 22 1A 60 1E 4B 02 22 1A 60 FF F7 D5 FE 05 F0 65 FF C0 46 D0 DC 17  ]
2019-01-02 17:11:27.702 25575-25594/com.cypress.cysmart D/CYSMART:  , [Bootloader Service|Bootloader Data Characteristic] Write request status - Success
2019-01-02 17:11:27.727 25575-25575/com.cypress.cysmart I/CySmart Android: CYRET_SUCCESS
2019-01-02 17:11:27.730 25575-25575/com.cypress.cysmart E/CySmart Android: OTAVerifyRowCmd
2019-01-02 17:11:27.740 25575-25575/com.cypress.cysmart V/CYSMART:  , [Bootloader Service|Bootloader Data Characteristic] Write request sent with value , [ 01 3A 03 00 01 D9 00 E8 FE 17  ]
2019-01-02 17:11:27.769 25575-29915/com.cypress.cysmart D/CYSMART:  , [Bootloader Service|Bootloader Data Characteristic] Write request status - Success
2019-01-02 17:11:27.787 25575-25575/com.cypress.cysmart I/CySmart Android: CYRET_SUCCESS

2019-01-02 17:11:27.802 25575-25575/com.cypress.cysmart E/CySmart Android: Row: 5Start Pos: 0mStartRow: 13959168mEndRow: 33488896Row No:14286848
2019-01-02 17:11:27.802 25575-25575/com.cypress.cysmart E/CySmart Android: Array id: 1 Shared Array id: 1
2019-01-02 17:11:27.802 25575-25575/com.cypress.cysmart E/CySmart Android: OTAProgramRowCmd send size--->138
2019-01-02 17:11:27.815 25575-25575/com.cypress.cysmart V/CYSMART:  , [Bootloader Service|Bootloader Data Characteristic] Write request sent with value , [ 01 39 83 00 01 DA 00 BD 46 02 B0 80 BD C0 46 6C F0 2E 40 AC F9 01 00 00 00 02 40 00 00 99 EE 00 04 02 40 00 05 02 40 00 50 0F 40 10 50 0F 40 30 50 0F 40 00 70 0F 40 00 00 04 40 08 00 04 40 00 10 DB 00 18 00 04 40 00 01 04 40 08 01 04 40 0C 01 04 40 00 03 04 40 08 03 04 40 00 60 C0 00 00 04 04 40 08 04 04 40 18 04 04 40 00 05 04 40 08 05 04 40 18 05 04 40 10 B5 06 4C 23 78 00 2B 07 D1 05 4B 00 2B 02 D0 69 E7 17  ]
2019-01-02 17:11:28.050 25575-29915/com.cypress.cysmart D/CYSMART:  , [Bootloader Service|Bootloader Data Characteristic] Write request status - Success
2019-01-02 17:11:28.067 25575-25575/com.cypress.cysmart I/CySmart Android: CYRET_SUCCESS
2019-01-02 17:11:28.070 25575-25575/com.cypress.cysmart E/CySmart Android: OTAVerifyRowCmd
2019-01-02 17:11:28.080 25575-25575/com.cypress.cysmart V/CYSMART:  , [Bootloader Service|Bootloader Data Characteristic] Write request sent with value , [ 01 3A 03 00 01 DA 00 E7 FE 17  ]
2019-01-02 17:11:28.108 25575-25594/com.cypress.cysmart D/CYSMART:  , [Bootloader Service|Bootloader Data Characteristic] Write request status - Success
2019-01-02 17:11:28.124 25575-25575/com.cypress.cysmart I/CySmart Android: CYRET_SUCCESS

2019-01-02 17:11:28.139 25575-25575/com.cypress.cysmart E/CySmart Android: Row: 6Start Pos: 0mStartRow: 13959168mEndRow: 33488896Row No:14352384
2019-01-02 17:11:28.139 25575-25575/com.cypress.cysmart E/CySmart Android: Array id: 1 Shared Array id: 1
2019-01-02 17:11:28.139 25575-25575/com.cypress.cysmart E/CySmart Android: OTAProgramRowCmd send size--->138
2019-01-02 17:11:28.158 25575-25575/com.cypress.cysmart V/CYSMART:  , [Bootloader Service|Bootloader Data Characteristic] Write request sent with value , [ 01 39 83 00 01 DB 00 04 48 00 E0 00 BF 01 23 23 70 10 BD 00 29 00 20 00 00 00 00 D8 F6 01 00 08 4B 10 B5 00 2B 03 D0 07 49 08 48 00 E0 00 BF 07 48 03 68 00 2B 00 D1 10 BD 06 4B 00 2B FB D0 98 47 F9 E7 00 00 00 00 04 29 00 20 D8 F6 01 00 70 28 00 20 00 00 00 00 90 B5 83 B0 00 AF 05 F0 99 FE FC 1D 06 20 05 F0 11 FB 03 00 23 70 FB 1D 1B 78 01 2B 03 D0 01 21 06 20 05 F0 C9 FA 03 20 05 F0 04 FB 03 00 1A 00 C7 D8 17  ]
2019-01-02 17:11:28.358 25575-29915/com.cypress.cysmart D/CYSMART:  , [Bootloader Service|Bootloader Data Characteristic] Write request status - Success
2019-01-02 17:11:28.394 25575-25575/com.cypress.cysmart I/CySmart Android: CYRET_SUCCESS
2019-01-02 17:11:28.400 25575-25575/com.cypress.cysmart E/CySmart Android: OTAVerifyRowCmd
2019-01-02 17:11:28.411 25575-25575/com.cypress.cysmart V/CYSMART:  , [Bootloader Service|Bootloader Data Characteristic] Write request sent with value , [ 01 3A 03 00 01 DB 00 E6 FE 17  ]
2019-01-02 17:11:28.425 25575-25594/com.cypress.cysmart D/CYSMART:  , [Bootloader Service|Bootloader Data Characteristic] Write request status - Success
2019-01-02 17:11:28.436 25575-25575/com.cypress.cysmart I/CySmart Android: CYRET_SUCCESS
2019-01-02 17:11:28.440 25575-25581/com.cypress.cysmart I/zygote64: Compiler allocated 6MB to compile boolean android.app.IApplicationThread$Stub.onTransact(int, android.os.Parcel, android.os.Parcel, int)

2019-01-02 17:11:28.447 25575-25575/com.cypress.cysmart E/CySmart Android: Row: 7Start Pos: 0mStartRow: 13959168mEndRow: 33488896Row No:14417920
2019-01-02 17:11:28.447 25575-25575/com.cypress.cysmart E/CySmart Android: Array id: 1 Shared Array id: 1
2019-01-02 17:11:28.447 25575-25575/com.cypress.cysmart E/CySmart Android: OTAProgramRowCmd send size--->138
2019-01-02 17:11:28.455 25575-25575/com.cypress.cysmart V/CYSMART:  , [Bootloader Service|Bootloader Data Characteristic] Write request sent with value , [ 01 39 83 00 01 DC 00 71 4B 1A 70 04 20 05 F0 FD FA 03 00 1A 00 6F 4B 1A 70 05 20 05 F0 F6 FA 03 00 1A 00 6C 4B 1A 70 00 20 05 F0 EF FA 03 00 1A 00 6A 4B 1A 70 01 20 05 F0 E8 FA 03 00 1A 00 67 4B 1A 70 02 20 05 F0 E1 FA 03 00 1A 00 65 4B 1A 70 62 4B 1B 78 18 00 07 F0 6E FF BC 1D 07 20 05 F0 D4 FA 03 00 23 70 5C 4B 1A 78 5C 4B 1B 78 D3 18 D9 B2 5B 4B 1A 78 7B 1D 8A 18 1A 70 7A 1D BB 1D 12 78 1B 78 9A 42 F1 D3 17  ]
2019-01-02 17:11:28.701 25575-29915/com.cypress.cysmart D/CYSMART:  , [Bootloader Service|Bootloader Data Characteristic] Write request status - Success
2019-01-02 17:11:28.720 25575-25575/com.cypress.cysmart I/CySmart Android: CYRET_SUCCESS
2019-01-02 17:11:28.723 25575-25575/com.cypress.cysmart E/CySmart Android: OTAVerifyRowCmd
2019-01-02 17:11:28.731 25575-25575/com.cypress.cysmart V/CYSMART:  , [Bootloader Service|Bootloader Data Characteristic] Write request sent with value , [ 01 3A 03 00 01 DC 00 E5 FE 17  ]
2019-01-02 17:11:28.762 25575-29915/com.cypress.cysmart D/CYSMART:  , [Bootloader Service|Bootloader Data Characteristic] Write request status - Success
2019-01-02 17:11:28.775 25575-25575/com.cypress.cysmart I/CySmart Android: CYRET_SUCCESS

2019-01-02 17:11:28.787 25575-25575/com.cypress.cysmart E/CySmart Android: Row: 8Start Pos: 0mStartRow: 13959168mEndRow: 33488896Row No:14483456
2019-01-02 17:11:28.788 25575-25575/com.cypress.cysmart E/CySmart Android: Array id: 1 Shared Array id: 1
2019-01-02 17:11:28.788 25575-25575/com.cypress.cysmart E/CySmart Android: OTAProgramRowCmd send size--->138
2019-01-02 17:11:28.800 25575-25575/com.cypress.cysmart V/CYSMART:  , [Bootloader Service|Bootloader Data Characteristic] Write request sent with value , [ 01 39 83 00 01 DD 00 08 D0 54 4B FF 22 1A 70 53 4B FF 22 1A 70 53 4B FF 22 1A 70 52 4B 14 22 1A 70 00 F0 CF F8 00 20 00 F0 44 FA 00 F0 AA F8 00 F0 44 F9 00 F0 A4 F9 00 F0 B2 F8 02 F0 0E FF 02 F0 44 FF 00 F0 DE F9 02 F0 BA FF 03 F0 0E F8 46 4B 00 22 1A 80 05 F0 67 FD 05 F0 E1 FA 00 F0 37 FB 43 4B 18 00 05 F0 2B FE 62 B6 04 F0 90 FD 05 F0 18 FE 03 F0 2C F8 05 F0 14 FE 3D 4B 1B 78 DA B2 39 4B 1B 78 9A 42 12 C1 17  ]
2019-01-02 17:11:29.045 25575-25594/com.cypress.cysmart D/CYSMART:  , [Bootloader Service|Bootloader Data Characteristic] Write request status - Success
2019-01-02 17:11:29.074 25575-25575/com.cypress.cysmart I/CySmart Android: CYRET_SUCCESS
2019-01-02 17:11:29.080 25575-25575/com.cypress.cysmart E/CySmart Android: OTAVerifyRowCmd
2019-01-02 17:11:29.094 25575-25575/com.cypress.cysmart V/CYSMART:  , [Bootloader Service|Bootloader Data Characteristic] Write request sent with value , [ 01 3A 03 00 01 DD 00 E4 FE 17  ]
2019-01-02 17:11:29.115 25575-25594/com.cypress.cysmart D/CYSMART:  , [Bootloader Service|Bootloader Data Characteristic] Write request status - Success
2019-01-02 17:11:29.134 25575-25575/com.cypress.cysmart I/CySmart Android: CYRET_SUCCESS

2019-01-02 17:11:29.149 25575-25575/com.cypress.cysmart E/CySmart Android: Row: 9Start Pos: 0mStartRow: 13959168mEndRow: 33488896Row No:14548992
2019-01-02 17:11:29.149 25575-25575/com.cypress.cysmart E/CySmart Android: Array id: 1 Shared Array id: 1
2019-01-02 17:11:29.150 25575-25575/com.cypress.cysmart E/CySmart Android: OTAProgramRowCmd send size--->138
2019-01-02 17:11:29.164 25575-25575/com.cypress.cysmart V/CYSMART:  , [Bootloader Service|Bootloader Data Characteristic] Write request sent with value , [ 01 39 83 00 01 DE 00 09 D9 3B 4B 1B 78 DB B2 00 2B 04 D1 03 F0 2C FD 36 4B 00 22 1A 70 04 F0 B5 FD 05 F0 FF FD 00 F0 B3 FB 03 1E 01 D1 00 F0 E9 FA 02 F0 9D FB EC F7 AB F8 05 F0 F3 FD 02 F0 1B FD 03 1E 26 D0 00 F0 C5 FB 05 F0 EB FD 2B 4B 1B 78 00 2B 0B D0 00 F0 9B FB 03 1E 07 D1 27 4B 00 22 1A 70 00 22 00 21 00 20 00 F0 A3 F9 00 F0 8F FB 03 1E 04 D1 01 22 02 21 02 20 00 F0 9A F9 1F 4B 01 22 1A 70 02 F0 F6 C6 17  ]
2019-01-02 17:11:29.409 25575-25594/com.cypress.cysmart D/CYSMART:  , [Bootloader Service|Bootloader Data Characteristic] Write request status - Success
2019-01-02 17:11:29.436 25575-25575/com.cypress.cysmart I/CySmart Android: CYRET_SUCCESS
2019-01-02 17:11:29.445 25575-25575/com.cypress.cysmart E/CySmart Android: OTAVerifyRowCmd
2019-01-02 17:11:29.458 25575-25575/com.cypress.cysmart V/CYSMART:  , [Bootloader Service|Bootloader Data Characteristic] Write request sent with value , [ 01 3A 03 00 01 DE 00 E3 FE 17  ]
2019-01-02 17:11:29.489 25575-29915/com.cypress.cysmart D/CYSMART:  , [Bootloader Service|Bootloader Data Characteristic] Write request status - Success
2019-01-02 17:11:29.521 25575-25575/com.cypress.cysmart I/CySmart Android: CYRET_SUCCESS

2019-01-02 17:11:29.542 25575-25575/com.cypress.cysmart E/CySmart Android: Row: 10Start Pos: 0mStartRow: 13959168mEndRow: 33488896Row No:14614528
2019-01-02 17:11:29.542 25575-25575/com.cypress.cysmart E/CySmart Android: Array id: 1 Shared Array id: 1
2019-01-02 17:11:29.542 25575-25575/com.cypress.cysmart E/CySmart Android: OTAProgramRowCmd send size--->138
2019-01-02 17:11:29.564 25575-25575/com.cypress.cysmart V/CYSMART:  , [Bootloader Service|Bootloader Data Characteristic] Write request sent with value , [ 01 39 83 00 01 DF 00 73 FB EC F7 81 F8 05 F0 C9 FD AD E7 00 F0 86 FB 00 F0 7A FB 03 1E 08 D1 16 4B 1B 78 00 2B 04 D1 00 22 02 21 02 20 00 F0 81 F9 13 4B 1B 78 00 2B 9A D0 0F 4B 1B 78 DB B2 00 2B 95 D1 64 20 07 F0 31 FA 07 F0 1D FA 8F E7 E9 2D 00 20 BA 2C 00 20 CA 29 00 20 90 2C 00 20 62 2B 00 20 79 2C 00 20 78 2C 00 20 04 2E 00 20 B8 0B 00 00 DC 29 00 20 F6 2D 00 20 CC 29 00 20 1C 29 00 20 80 B5 00 AF BE D0 17  ]
2019-01-02 17:11:29.807 25575-25594/com.cypress.cysmart D/CYSMART:  , [Bootloader Service|Bootloader Data Characteristic] Write request status - Success
2019-01-02 17:11:29.832 25575-25575/com.cypress.cysmart I/CySmart Android: CYRET_SUCCESS
2019-01-02 17:11:29.837 25575-25575/com.cypress.cysmart E/CySmart Android: OTAVerifyRowCmd
2019-01-02 17:11:29.846 25575-25575/com.cypress.cysmart V/CYSMART:  , [Bootloader Service|Bootloader Data Characteristic] Write request sent with value , [ 01 3A 03 00 01 DF 00 E2 FE 17  ]
2019-01-02 17:11:29.889 25575-29915/com.cypress.cysmart D/CYSMART:  , [Bootloader Service|Bootloader Data Characteristic] Write request status - Success
2019-01-02 17:11:29.911 25575-25575/com.cypress.cysmart I/CySmart Android: CYRET_SUCCESS

2019-01-02 17:11:29.926 25575-25575/com.cypress.cysmart E/CySmart Android: Row: 11Start Pos: 0mStartRow: 13959168mEndRow: 33488896Row No:14680064
2019-01-02 17:11:29.926 25575-25575/com.cypress.cysmart E/CySmart Android: Array id: 1 Shared Array id: 1
2019-01-02 17:11:29.927 25575-25575/com.cypress.cysmart E/CySmart Android: OTAProgramRowCmd send size--->138
2019-01-02 17:11:29.945 25575-25575/com.cypress.cysmart V/CYSMART:  , [Bootloader Service|Bootloader Data Characteristic] Write request sent with value , [ 01 39 83 00 01 E0 00 04 4B 18 00 05 F0 F6 FF 06 F0 BC FB C0 46 BD 46 80 BD C0 46 01 C0 01 00 80 B5 00 AF 05 E0 06 F0 AD FC 03 00 DA B2 04 4B 1A 70 06 F0 DB FB 03 1E F5 D1 C0 46 BD 46 80 BD 7F 2D 00 20 80 B5 00 AF 01 20 06 F0 F1 FC 01 20 06 F0 24 FD 01 20 06 F0 B5 FC C0 46 BD 46 80 BD 80 B5 00 AF 03 4B 18 00 06 F0 4E F8 C0 46 BD 46 80 BD C0 46 D5 C0 01 00 80 B5 00 AF 06 F0 58 F8 C0 46 BD 46 80 BD C0 46 B5 C2 17  ]
2019-01-02 17:11:30.192 25575-29915/com.cypress.cysmart D/CYSMART:  , [Bootloader Service|Bootloader Data Characteristic] Write request status - Success
2019-01-02 17:11:30.216 25575-25575/com.cypress.cysmart I/CySmart Android: CYRET_SUCCESS
2019-01-02 17:11:30.220 25575-25575/com.cypress.cysmart E/CySmart Android: OTAVerifyRowCmd
2019-01-02 17:11:30.227 25575-25575/com.cypress.cysmart V/CYSMART:  , [Bootloader Service|Bootloader Data Characteristic] Write request sent with value , [ 01 3A 03 00 01 E0 00 E1 FE 17  ]
2019-01-02 17:11:30.246 25575-25594/com.cypress.cysmart D/CYSMART:  , [Bootloader Service|Bootloader Data Characteristic] Write request status - Success
2019-01-02 17:11:30.256 25575-25575/com.cypress.cysmart I/CySmart Android: CYRET_SUCCESS

2019-01-02 17:11:30.268 25575-25575/com.cypress.cysmart E/CySmart Android: Row: 12Start Pos: 0mStartRow: 13959168mEndRow: 33488896Row No:14745600
2019-01-02 17:11:30.268 25575-25575/com.cypress.cysmart E/CySmart Android: Array id: 1 Shared Array id: 1
2019-01-02 17:11:30.268 25575-25575/com.cypress.cysmart E/CySmart Android: OTAProgramRowCmd send size--->138
2019-01-02 17:11:30.280 25575-25575/com.cypress.cysmart V/CYSMART:  , [Bootloader Service|Bootloader Data Characteristic] Write request sent with value , [ 01 39 83 00 01 E1 00 80 B5 82 B0 00 AF 02 00 FB 1D 1A 70 FB 1D 1B 78 18 00 06 F0 CD FB C0 46 06 F0 E0 FB 03 1E FB D1 1C 20 07 F0 E5 F9 C0 46 BD 46 02 B0 80 BD C0 46 80 B5 82 B0 00 AF C0 46 06 F0 D0 FB 03 1E FB D1 17 4B 17 4A 12 68 52 00 52 08 1A 60 15 4B 1B 68 7B 60 7B 68 14 4A 13 40 7B 60 12 4B 7A 68 1A 60 01 20 06 F0 35 FE 11 4B 10 4A 12 68 80 21 09 06 0A 43 1A 60 01 20 06 F0 6B FE 0A 4B 1B 68 7B 60 1C CD 17  ]
2019-01-02 17:11:30.511 25575-25594/com.cypress.cysmart D/CYSMART:  , [Bootloader Service|Bootloader Data Characteristic] Write request status - Success
2019-01-02 17:11:30.537 25575-25575/com.cypress.cysmart I/CySmart Android: CYRET_SUCCESS
2019-01-02 17:11:30.540 25575-25575/com.cypress.cysmart E/CySmart Android: OTAVerifyRowCmd
2019-01-02 17:11:30.548 25575-25575/com.cypress.cysmart V/CYSMART:  , [Bootloader Service|Bootloader Data Characteristic] Write request sent with value , [ 01 3A 03 00 01 E1 00 E0 FE 17  ]
2019-01-02 17:11:30.564 25575-25594/com.cypress.cysmart D/CYSMART:  , [Bootloader Service|Bootloader Data Characteristic] Write request status - Success
2019-01-02 17:11:30.581 25575-25575/com.cypress.cysmart I/CySmart Android: CYRET_SUCCESS

2019-01-02 17:11:30.599 25575-25575/com.cypress.cysmart E/CySmart Android: Row: 13Start Pos: 0mStartRow: 13959168mEndRow: 33488896Row No:14811136
2019-01-02 17:11:30.599 25575-25575/com.cypress.cysmart E/CySmart Android: Array id: 1 Shared Array id: 1
2019-01-02 17:11:30.599 25575-25575/com.cypress.cysmart E/CySmart Android: OTAProgramRowCmd send size--->138
2019-01-02 17:11:30.611 25575-25575/com.cypress.cysmart V/CYSMART:  , [Bootloader Service|Bootloader Data Characteristic] Write request sent with value , [ 01 39 83 00 01 E2 00 7B 68 0B 4A 13 40 7B 60 7B 68 90 22 12 03 13 43 7B 60 04 4B 7A 68 1A 60 C0 46 BD 46 02 B0 80 BD 00 02 24 40 00 00 02 40 FF FF 0F FF 00 03 24 40 FF FF F0 FF 80 B5 82 B0 00 AF 0C 4B 0B 4A 12 68 52 00 52 08 1A 60 06 F0 5D FB 09 4B 1B 68 7B 60 7B 68 08 4A 13 40 7B 60 05 4B 7A 68 1A 60 01 20 06 F0 36 FE C0 46 BD 46 02 B0 80 BD 00 03 24 40 00 00 02 40 FF FF F0 FF 80 B5 82 B0 00 AF 19 4B B0 CF 17  ]
2019-01-02 17:11:30.856 25575-29915/com.cypress.cysmart D/CYSMART:  , [Bootloader Service|Bootloader Data Characteristic] Write request status - Success
2019-01-02 17:11:30.880 25575-25575/com.cypress.cysmart I/CySmart Android: CYRET_SUCCESS
2019-01-02 17:11:30.885 25575-25575/com.cypress.cysmart E/CySmart Android: OTAVerifyRowCmd
2019-01-02 17:11:30.892 25575-25575/com.cypress.cysmart V/CYSMART:  , [Bootloader Service|Bootloader Data Characteristic] Write request sent with value , [ 01 3A 03 00 01 E2 00 DF FE 17  ]
2019-01-02 17:11:30.912 25575-25594/com.cypress.cysmart D/CYSMART:  , [Bootloader Service|Bootloader Data Characteristic] Write request status - Success
2019-01-02 17:11:30.933 25575-25575/com.cypress.cysmart I/CySmart Android: CYRET_SUCCESS

2019-01-02 17:11:30.956 25575-25575/com.cypress.cysmart E/CySmart Android: Row: 14Start Pos: 0mStartRow: 13959168mEndRow: 33488896Row No:14876672
2019-01-02 17:11:30.956 25575-25575/com.cypress.cysmart E/CySmart Android: Array id: 1 Shared Array id: 1
2019-01-02 17:11:30.956 25575-25575/com.cypress.cysmart E/CySmart Android: OTAProgramRowCmd send size--->138
2019-01-02 17:11:30.970 25575-25575/com.cypress.cysmart V/CYSMART:  , [Bootloader Service|Bootloader Data Characteristic] Write request sent with value , [ 01 39 83 00 01 E3 00 18 4A 12 68 52 00 52 08 1A 60 17 4B 1B 68 7B 60 7B 68 16 4A 13 40 7B 60 13 4B 7A 68 1A 60 01 20 06 F0 16 FE 01 20 06 F0 EB FD 06 20 06 F0 D0 FD 0D 4B 1B 68 7B 60 7B 68 0D 4A 13 40 7B 60 7B 68 90 22 12 04 13 43 7B 60 07 4B 7A 68 1A 60 09 4B 08 4A 12 68 80 21 09 06 0A 43 1A 60 C0 46 BD 46 02 B0 80 BD 00 03 24 40 00 00 02 40 FF FF F0 FF FF FF 0F FF 00 02 24 40 80 B5 82 B0 00 AF C0 46 04 D3 17  ]
2019-01-02 17:11:31.235 25575-25594/com.cypress.cysmart D/CYSMART:  , [Bootloader Service|Bootloader Data Characteristic] Write request status - Success
2019-01-02 17:11:31.269 25575-25575/com.cypress.cysmart I/CySmart Android: CYRET_SUCCESS
2019-01-02 17:11:31.277 25575-25575/com.cypress.cysmart E/CySmart Android: OTAVerifyRowCmd
2019-01-02 17:11:31.288 25575-25575/com.cypress.cysmart V/CYSMART:  , [Bootloader Service|Bootloader Data Characteristic] Write request sent with value , [ 01 3A 03 00 01 E3 00 DE FE 17  ]
2019-01-02 17:11:31.308 25575-25594/com.cypress.cysmart D/CYSMART:  , [Bootloader Service|Bootloader Data Characteristic] Write request status - Success
2019-01-02 17:11:31.325 25575-25575/com.cypress.cysmart I/CySmart Android: CYRET_SUCCESS

2019-01-02 17:11:31.339 25575-25575/com.cypress.cysmart E/CySmart Android: Row: 15Start Pos: 0mStartRow: 13959168mEndRow: 33488896Row No:14942208
2019-01-02 17:11:31.339 25575-25575/com.cypress.cysmart E/CySmart Android: Array id: 1 Shared Array id: 1
2019-01-02 17:11:31.339 25575-25575/com.cypress.cysmart E/CySmart Android: OTAProgramRowCmd send size--->138
2019-01-02 17:11:31.351 25575-25575/com.cypress.cysmart V/CYSMART:  , [Bootloader Service|Bootloader Data Characteristic] Write request sent with value , [ 01 39 83 00 01 E4 00 06 F0 2C FB 03 1E FB D1 0B 4B 0B 4A 12 68 52 00 52 08 1A 60 09 4B 1B 68 7B 60 7B 68 08 4A 13 40 7B 60 06 4B 7A 68 1A 60 01 20 06 F0 91 FD C0 46 BD 46 02 B0 80 BD C0 46 00 02 24 40 00 00 02 40 FF FF 0F FF 80 B5 82 B0 00 AF 0A 4B 1B 68 7B 60 7B 68 09 4A 13 40 7B 60 06 4B 7A 68 1A 60 06 20 06 F0 B6 FD 00 20 06 F0 CB FD C0 46 BD 46 02 B0 80 BD C0 46 00 00 02 40 FF FF F0 FF 80 B5 82 B0 D5 CC 17  ]
2019-01-02 17:11:31.581 25575-29915/com.cypress.cysmart D/CYSMART:  , [Bootloader Service|Bootloader Data Characteristic] Write request status - Success
2019-01-02 17:11:31.606 25575-25575/com.cypress.cysmart I/CySmart Android: CYRET_SUCCESS
2019-01-02 17:11:31.609 25575-25575/com.cypress.cysmart E/CySmart Android: OTAVerifyRowCmd
2019-01-02 17:11:31.621 25575-25575/com.cypress.cysmart V/CYSMART:  , [Bootloader Service|Bootloader Data Characteristic] Write request sent with value , [ 01 3A 03 00 01 E4 00 DD FE 17  ]
2019-01-02 17:11:31.647 25575-29915/com.cypress.cysmart D/CYSMART:  , [Bootloader Service|Bootloader Data Characteristic] Write request status - Success
2019-01-02 17:11:31.663 25575-25575/com.cypress.cysmart I/CySmart Android: CYRET_SUCCESS

2019-01-02 17:11:31.683 25575-25575/com.cypress.cysmart E/CySmart Android: Row: 16Start Pos: 0mStartRow: 13959168mEndRow: 33488896Row No:15007744
2019-01-02 17:11:31.683 25575-25575/com.cypress.cysmart E/CySmart Android: Array id: 1 Shared Array id: 1
2019-01-02 17:11:31.684 25575-25575/com.cypress.cysmart E/CySmart Android: OTAProgramRowCmd send size--->138
2019-01-02 17:11:31.697 25575-25575/com.cypress.cysmart V/CYSMART:  , [Bootloader Service|Bootloader Data Characteristic] Write request sent with value , [ 01 39 83 00 01 E5 00 00 AF 08 4B 1B 68 7B 60 7B 68 07 4A 13 40 7B 60 04 4B 7A 68 1A 60 01 20 06 F0 9A FD C0 46 BD 46 02 B0 80 BD 00 00 02 40 FF FF F0 FF 90 B5 83 B0 00 AF 04 00 08 00 11 00 FB 1D 22 1C 1A 70 BB 1D 02 1C 1A 70 7B 1D 0A 1C 1A 70 FB 1D 1B 78 01 2B 03 D1 00 20 06 F0 DE FB 06 E0 FB 1D 1B 78 00 2B 02 D1 01 20 06 F0 D6 FB BB 1D 1B 78 01 2B 03 D1 00 20 06 F0 99 FB 06 E0 BB 1D 1B 78 00 2B 02 D1 BA D0 17  ]
2019-01-02 17:11:31.944 25575-25594/com.cypress.cysmart D/CYSMART:  , [Bootloader Service|Bootloader Data Characteristic] Write request status - Success
2019-01-02 17:11:31.965 25575-25575/com.cypress.cysmart I/CySmart Android: CYRET_SUCCESS
2019-01-02 17:11:31.969 25575-25575/com.cypress.cysmart E/CySmart Android: OTAVerifyRowCmd
2019-01-02 17:11:31.978 25575-25575/com.cypress.cysmart V/CYSMART:  , [Bootloader Service|Bootloader Data Characteristic] Write request sent with value , [ 01 3A 03 00 01 E5 00 DC FE 17  ]
2019-01-02 17:11:32.016 25575-25594/com.cypress.cysmart D/CYSMART:  , [Bootloader Service|Bootloader Data Characteristic] Write request status - Success
2019-01-02 17:11:32.036 25575-25575/com.cypress.cysmart I/CySmart Android: CYRET_SUCCESS

2019-01-02 17:11:32.049 25575-25575/com.cypress.cysmart E/CySmart Android: Row: 17Start Pos: 0mStartRow: 13959168mEndRow: 33488896Row No:15073280
2019-01-02 17:11:32.049 25575-25575/com.cypress.cysmart E/CySmart Android: Array id: 1 Shared Array id: 1
2019-01-02 17:11:32.049 25575-25575/com.cypress.cysmart E/CySmart Android: OTAProgramRowCmd send size--->138
2019-01-02 17:11:32.058 25575-25575/com.cypress.cysmart V/CYSMART:  , [Bootloader Service|Bootloader Data Characteristic] Write request sent with value , [ 01 39 83 00 01 E6 00 01 20 06 F0 91 FB 7B 1D 1B 78 01 2B 03 D1 00 20 06 F0 54 FB 06 E0 7B 1D 1B 78 00 2B 02 D1 01 20 06 F0 4C FB C0 46 BD 46 03 B0 90 BD 80 B5 82 B0 00 AF 02 00 FB 1D 1A 70 FB 1D 1B 78 07 2B 34 D8 9A 00 1C 4B D3 18 1B 68 9F 46 00 22 00 21 00 20 FF F7 AC FF 29 E0 01 22 01 21 01 20 FF F7 A6 FF 23 E0 00 22 01 21 01 20 FF F7 A0 FF 1D E0 00 22 00 21 01 20 FF F7 9A FF 17 E0 01 22 00 21 00 20 66 CE 17  ]
2019-01-02 17:11:32.299 25575-25594/com.cypress.cysmart D/CYSMART:  , [Bootloader Service|Bootloader Data Characteristic] Write request status - Success
2019-01-02 17:11:32.338 25575-25575/com.cypress.cysmart I/CySmart Android: CYRET_SUCCESS
2019-01-02 17:11:32.347 25575-25575/com.cypress.cysmart E/CySmart Android: OTAVerifyRowCmd
2019-01-02 17:11:32.362 25575-25575/com.cypress.cysmart V/CYSMART:  , [Bootloader Service|Bootloader Data Characteristic] Write request sent with value , [ 01 3A 03 00 01 E6 00 DB FE 17  ]
2019-01-02 17:11:32.388 25575-25594/com.cypress.cysmart D/CYSMART:  , [Bootloader Service|Bootloader Data Characteristic] Write request status - Success
2019-01-02 17:11:32.406 25575-25575/com.cypress.cysmart I/CySmart Android: CYRET_SUCCESS

2019-01-02 17:11:32.422 25575-25575/com.cypress.cysmart E/CySmart Android: Row: 18Start Pos: 0mStartRow: 13959168mEndRow: 33488896Row No:15138816
2019-01-02 17:11:32.422 25575-25575/com.cypress.cysmart E/CySmart Android: Array id: 1 Shared Array id: 1
2019-01-02 17:11:32.423 25575-25575/com.cypress.cysmart E/CySmart Android: OTAProgramRowCmd send size--->138
